main.c:89:5:main	160	static
main.c:189:6:SystemClock_Config	160	static
main.c:237:13:MX_TIM3_Init	48	static
main.c:298:13:MX_TIM17_Init	8	static
main.c:330:13:MX_USART2_UART_Init	8	static
main.c:365:13:MX_GPIO_Init	48	static
main.c:439:6:StartDefaultTask	16	static
main.c:453:6:modifyTimer0PWM	48	static
main.c:464:6:modifyTimer1PWM	48	static
main.c:475:6:modifyTimer2PWM	48	static
main.c:486:6:modifyTimer3PWM	48	static
main.c:521:6:motor0Loop	16	static
main.c:552:6:motor1Loop	16	static
main.c:599:6:controlLoop	16	static
main.c:617:6:sendPulse	8	static
main.c:629:6:VzdLoop	16	static
main.c:657:6:backupLoop1	16	static
main.c:675:6:EncoLoop	16	static
main.c:694:6:HAL_TIM_PeriodElapsedCallback	16	static
main.c:711:6:Error_Handler	4	static
