main.c:92:5:main	160	static
main.c:192:6:SystemClock_Config	160	static
main.c:238:13:MX_ADC1_Init	48	static
main.c:301:13:MX_TIM3_Init	48	static
main.c:354:13:MX_USART2_UART_Init	8	static
main.c:389:13:MX_GPIO_Init	48	static
main.c:460:6:StartDefaultTask	16	static
main.c:523:6:modifyTimer0PWM	48	static
main.c:534:6:modifyTimer1PWM	48	static
main.c:554:6:motor0Loop	16	static
main.c:589:6:motor1Loop	16	static
main.c:633:6:ADCLoop	32	static
main.c:682:6:config	40	static
main.c:730:6:controlLoop	32	static
main.c:784:6:changeSpeed	16	static
main.c:791:6:goAhead	8	static
main.c:795:6:turnLeft	8	static
main.c:799:6:turnRight	8	static
main.c:809:6:backupLoop0	16	static
main.c:827:6:backupLoop1	16	static
main.c:846:6:HAL_TIM_PeriodElapsedCallback	16	static
main.c:863:6:Error_Handler	4	static
