main.c:89:5:main	160	static
main.c:189:6:SystemClock_Config	160	static
main.c:237:13:MX_TIM3_Init	48	static
main.c:290:13:MX_TIM17_Init	8	static
main.c:322:13:MX_USART2_UART_Init	8	static
main.c:357:13:MX_GPIO_Init	48	static
main.c:431:6:StartDefaultTask	16	static
main.c:444:6:modifyTimer0PWM	48	static
main.c:455:6:modifyTimer1PWM	48	static
main.c:466:6:setDirM1	4	static
main.c:471:6:resetDirM1	4	static
main.c:494:6:motor0Loop	16	static
main.c:520:6:setDirM2	4	static
main.c:524:6:resetDirM2	4	static
main.c:535:6:motor1Loop	16	static
main.c:580:6:controlLoop	16	static
main.c:596:6:VzdLoop	16	static
main.c:614:6:backupLoop1	16	static
main.c:632:6:EncoLoop	16	static
main.c:651:6:HAL_TIM_PeriodElapsedCallback	16	static
main.c:668:6:Error_Handler	4	static
