Archive member included to satisfy reference by file (symbol)

/opt/Atollic_TrueSTUDIO_for_STM32_x86_64_9.3.0/ARMTools/bin/../lib/gcc/arm-atollic-eabi/6.3.1/../../../../arm-atollic-eabi/lib/armv7e-m/fpu/libc_nano.a(lib_a-errno.o)
                              Src/syscalls.o (__errno)
/opt/Atollic_TrueSTUDIO_for_STM32_x86_64_9.3.0/ARMTools/bin/../lib/gcc/arm-atollic-eabi/6.3.1/../../../../arm-atollic-eabi/lib/armv7e-m/fpu/libc_nano.a(lib_a-impure.o)
                              /opt/Atollic_TrueSTUDIO_for_STM32_x86_64_9.3.0/ARMTools/bin/../lib/gcc/arm-atollic-eabi/6.3.1/../../../../arm-atollic-eabi/lib/armv7e-m/fpu/libc_nano.a(lib_a-errno.o) (_impure_ptr)
/opt/Atollic_TrueSTUDIO_for_STM32_x86_64_9.3.0/ARMTools/bin/../lib/gcc/arm-atollic-eabi/6.3.1/../../../../arm-atollic-eabi/lib/armv7e-m/fpu/libc_nano.a(lib_a-init.o)
                              startup/startup_stm32f303xe.o (__libc_init_array)
/opt/Atollic_TrueSTUDIO_for_STM32_x86_64_9.3.0/ARMTools/bin/../lib/gcc/arm-atollic-eabi/6.3.1/../../../../arm-atollic-eabi/lib/armv7e-m/fpu/libc_nano.a(lib_a-memcpy-stub.o)
                              Middlewares/Third_Party/FreeRTOS/Source/queue.o (memcpy)
/opt/Atollic_TrueSTUDIO_for_STM32_x86_64_9.3.0/ARMTools/bin/../lib/gcc/arm-atollic-eabi/6.3.1/../../../../arm-atollic-eabi/lib/armv7e-m/fpu/libc_nano.a(lib_a-memset.o)
                              Middlewares/Third_Party/FreeRTOS/Source/CMSIS_RTOS/cmsis_os.o (memset)

Allocating common symbols
Common symbol       size              file

defaultTaskHandle   0x4               Src/main.o
motor1TaskHandle    0x4               Src/main.o
uwTick              0x4               Drivers/STM32F3xx_HAL_Driver/Src/stm32f3xx_hal.o
xQueueRegistry      0x40              Middlewares/Third_Party/FreeRTOS/Source/queue.o
pFlash              0x20              Drivers/STM32F3xx_HAL_Driver/Src/stm32f3xx_hal_flash.o
adc5                0x2               Src/freertos.o
htim3               0x40              Src/main.o
hadc1               0x54              Src/main.o
adc1                0x2               Src/freertos.o
ADCTaskHandle       0x4               Src/main.o
backupTask1Handle   0x4               Src/main.o
htim1               0x40              Src/stm32f3xx_hal_timebase_tim.o
adc2                0x2               Src/freertos.o
controlTaskHandle   0x4               Src/main.o
adc0                0x2               Src/freertos.o
huart2              0x70              Src/main.o
motor0TaskHandle    0x4               Src/main.o
backupTask0Handle   0x4               Src/main.o
adc4                0x2               Src/freertos.o
adc3                0x2               Src/freertos.o

Discarded input sections

 .text          0x0000000000000000        0x0 /opt/Atollic_TrueSTUDIO_for_STM32_x86_64_9.3.0/ARMTools/bin/../lib/gcc/arm-atollic-eabi/6.3.1/armv7e-m/fpu/crti.o
 .data          0x0000000000000000        0x0 /opt/Atollic_TrueSTUDIO_for_STM32_x86_64_9.3.0/ARMTools/bin/../lib/gcc/arm-atollic-eabi/6.3.1/armv7e-m/fpu/crti.o
 .bss           0x0000000000000000        0x0 /opt/Atollic_TrueSTUDIO_for_STM32_x86_64_9.3.0/ARMTools/bin/../lib/gcc/arm-atollic-eabi/6.3.1/armv7e-m/fpu/crti.o
 .data          0x0000000000000000        0x4 /opt/Atollic_TrueSTUDIO_for_STM32_x86_64_9.3.0/ARMTools/bin/../lib/gcc/arm-atollic-eabi/6.3.1/armv7e-m/fpu/crtbegin.o
 .text          0x0000000000000000        0x0 Drivers/STM32F3xx_HAL_Driver/Src/stm32f3xx_hal.o
 .data          0x0000000000000000        0x0 Drivers/STM32F3xx_HAL_Driver/Src/stm32f3xx_hal.o
 .bss           0x0000000000000000        0x0 Drivers/STM32F3xx_HAL_Driver/Src/stm32f3xx_hal.o
 .data.uwTickPrio
                0x0000000000000000        0x4 Drivers/STM32F3xx_HAL_Driver/Src/stm32f3xx_hal.o
 .text.HAL_DeInit
                0x0000000000000000       0x3c Drivers/STM32F3xx_HAL_Driver/Src/stm32f3xx_hal.o
 .text.HAL_MspInit
                0x0000000000000000        0xe Drivers/STM32F3xx_HAL_Driver/Src/stm32f3xx_hal.o
 .text.HAL_MspDeInit
                0x0000000000000000        0xe Drivers/STM32F3xx_HAL_Driver/Src/stm32f3xx_hal.o
 .text.HAL_InitTick
                0x0000000000000000       0x60 Drivers/STM32F3xx_HAL_Driver/Src/stm32f3xx_hal.o
 .text.HAL_GetTickPrio
                0x0000000000000000       0x18 Drivers/STM32F3xx_HAL_Driver/Src/stm32f3xx_hal.o
 .text.HAL_SetTickFreq
                0x0000000000000000       0x40 Drivers/STM32F3xx_HAL_Driver/Src/stm32f3xx_hal.o
 .text.HAL_GetTickFreq
                0x0000000000000000       0x18 Drivers/STM32F3xx_HAL_Driver/Src/stm32f3xx_hal.o
 .text.HAL_Delay
                0x0000000000000000       0x44 Drivers/STM32F3xx_HAL_Driver/Src/stm32f3xx_hal.o
 .text.HAL_SuspendTick
                0x0000000000000000       0x20 Drivers/STM32F3xx_HAL_Driver/Src/stm32f3xx_hal.o
 .text.HAL_ResumeTick
                0x0000000000000000       0x20 Drivers/STM32F3xx_HAL_Driver/Src/stm32f3xx_hal.o
 .text.HAL_GetHalVersion
[...]
Memory Configuration

Name             Origin             Length             Attributes
RAM              0x0000000020000000 0x0000000000010000 xrw
CCMRAM           0x0000000010000000 0x0000000000004000 rw
FLASH            0x0000000008000000 0x0000000000080000 xr
*default*        0x0000000000000000 0xffffffffffffffff

Linker script and memory map

LOAD /opt/Atollic_TrueSTUDIO_for_STM32_x86_64_9.3.0/ARMTools/bin/../lib/gcc/arm-atollic-eabi/6.3.1/armv7e-m/fpu/crti.o
LOAD /opt/Atollic_TrueSTUDIO_for_STM32_x86_64_9.3.0/ARMTools/bin/../lib/gcc/arm-atollic-eabi/6.3.1/armv7e-m/fpu/crtbegin.o
LOAD Drivers/STM32F3xx_HAL_Driver/Src/stm32f3xx_hal.o
LOAD Drivers/STM32F3xx_HAL_Driver/Src/stm32f3xx_hal_adc.o
LOAD Drivers/STM32F3xx_HAL_Driver/Src/stm32f3xx_hal_adc_ex.o
LOAD Drivers/STM32F3xx_HAL_Driver/Src/stm32f3xx_hal_cortex.o
LOAD Drivers/STM32F3xx_HAL_Driver/Src/stm32f3xx_hal_dma.o
LOAD Drivers/STM32F3xx_HAL_Driver/Src/stm32f3xx_hal_flash.o
LOAD Drivers/STM32F3xx_HAL_Driver/Src/stm32f3xx_hal_flash_ex.o
LOAD Drivers/STM32F3xx_HAL_Driver/Src/stm32f3xx_hal_gpio.o
LOAD Drivers/STM32F3xx_HAL_Driver/Src/stm32f3xx_hal_i2c.o
LOAD Drivers/STM32F3xx_HAL_Driver/Src/stm32f3xx_hal_i2c_ex.o
LOAD Drivers/STM32F3xx_HAL_Driver/Src/stm32f3xx_hal_pwr.o
LOAD Drivers/STM32F3xx_HAL_Driver/Src/stm32f3xx_hal_pwr_ex.o
LOAD Drivers/STM32F3xx_HAL_Driver/Src/stm32f3xx_hal_rcc.o
LOAD Drivers/STM32F3xx_HAL_Driver/Src/stm32f3xx_hal_rcc_ex.o
LOAD Drivers/STM32F3xx_HAL_Driver/Src/stm32f3xx_hal_tim.o
LOAD Drivers/STM32F3xx_HAL_Driver/Src/stm32f3xx_hal_tim_ex.o
LOAD Drivers/STM32F3xx_HAL_Driver/Src/stm32f3xx_hal_uart.o
LOAD Drivers/STM32F3xx_HAL_Driver/Src/stm32f3xx_hal_uart_ex.o
LOAD Middlewares/Third_Party/FreeRTOS/Source/CMSIS_RTOS/cmsis_os.o
LOAD Middlewares/Third_Party/FreeRTOS/Source/croutine.o
LOAD Middlewares/Third_Party/FreeRTOS/Source/event_groups.o
LOAD Middlewares/Third_Party/FreeRTOS/Source/list.o
LOAD Middlewares/Third_Party/FreeRTOS/Source/portable/GCC/ARM_CM4F/port.o
LOAD Middlewares/Third_Party/FreeRTOS/Source/portable/MemMang/heap_4.o
LOAD Middlewares/Third_Party/FreeRTOS/Source/queue.o
LOAD Middlewares/Third_Party/FreeRTOS/Source/tasks.o
LOAD Middlewares/Third_Party/FreeRTOS/Source/timers.o
LOAD Src/freertos.o
LOAD Src/main.o
LOAD Src/motors.o
LOAD Src/stm32f3xx_hal_msp.o
LOAD Src/stm32f3xx_hal_timebase_tim.o
LOAD Src/stm32f3xx_it.o
LOAD Src/syscalls.o
LOAD Src/system_stm32f3xx.o
LOAD startup/startup_stm32f303xe.o
                0x0000000000000080                malloc_getpagesize_P = 0x80
START GROUP
LOAD /opt/Atollic_TrueSTUDIO_for_STM32_x86_64_9.3.0/ARMTools/bin/../lib/gcc/arm-atollic-eabi/6.3.1/../../../../arm-atollic-eabi/lib/armv7e-m/fpu/libc_nano.a
LOAD /opt/Atollic_TrueSTUDIO_for_STM32_x86_64_9.3.0/ARMTools/bin/../lib/gcc/arm-atollic-eabi/6.3.1/../../../../arm-atollic-eabi/lib/armv7e-m/fpu/libm.a
END GROUP
START GROUP
LOAD /opt/Atollic_TrueSTUDIO_for_STM32_x86_64_9.3.0/ARMTools/bin/../lib/gcc/arm-atollic-eabi/6.3.1/armv7e-m/fpu/libgcc.a
LOAD /opt/Atollic_TrueSTUDIO_for_STM32_x86_64_9.3.0/ARMTools/bin/../lib/gcc/arm-atollic-eabi/6.3.1/../../../../arm-atollic-eabi/lib/armv7e-m/fpu/libc_nano.a
END GROUP
START GROUP
LOAD /opt/Atollic_TrueSTUDIO_for_STM32_x86_64_9.3.0/ARMTools/bin/../lib/gcc/arm-atollic-eabi/6.3.1/armv7e-m/fpu/libgcc.a
LOAD /opt/Atollic_TrueSTUDIO_for_STM32_x86_64_9.3.0/ARMTools/bin/../lib/gcc/arm-atollic-eabi/6.3.1/../../../../arm-atollic-eabi/lib/armv7e-m/fpu/libc_nano.a
LOAD /opt/Atollic_TrueSTUDIO_for_STM32_x86_64_9.3.0/ARMTools/bin/../lib/gcc/arm-atollic-eabi/6.3.1/../../../../arm-atollic-eabi/lib/armv7e-m/fpu/libnosys.a
END GROUP
START GROUP
LOAD /opt/Atollic_TrueSTUDIO_for_STM32_x86_64_9.3.0/ARMTools/bin/../lib/gcc/arm-atollic-eabi/6.3.1/armv7e-m/fpu/libgcc.a
LOAD /opt/Atollic_TrueSTUDIO_for_STM32_x86_64_9.3.0/ARMTools/bin/../lib/gcc/arm-atollic-eabi/6.3.1/../../../../arm-atollic-eabi/lib/armv7e-m/fpu/libc_nano.a
LOAD /opt/Atollic_TrueSTUDIO_for_STM32_x86_64_9.3.0/ARMTools/bin/../lib/gcc/arm-atollic-eabi/6.3.1/../../../../arm-atollic-eabi/lib/armv7e-m/fpu/libnosys.a
END GROUP
LOAD /opt/Atollic_TrueSTUDIO_for_STM32_x86_64_9.3.0/ARMTools/bin/../lib/gcc/arm-atollic-eabi/6.3.1/armv7e-m/fpu/crtend.o
LOAD /opt/Atollic_TrueSTUDIO_for_STM32_x86_64_9.3.0/ARMTools/bin/../lib/gcc/arm-atollic-eabi/6.3.1/armv7e-m/fpu/crtn.o
                0x0000000020010000                _estack = 0x20010000
                0x0000000000000200                _Min_Heap_Size = 0x200
                0x0000000000000400                _Min_Stack_Size = 0x400

.isr_vector     0x0000000008000000      0x194
                0x0000000008000000                . = ALIGN (0x4)
 *(.isr_vector)
 .isr_vector    0x0000000008000000      0x194 startup/startup_stm32f303xe.o
                0x0000000008000000                g_pfnVectors
                0x0000000008000194                . = ALIGN (0x4)

.text           0x00000000080001a0     0x665c
                0x00000000080001a0                . = ALIGN (0x4)
 *(.text)
 .text          0x00000000080001a0       0x40 /opt/Atollic_TrueSTUDIO_for_STM32_x86_64_9.3.0/ARMTools/bin/../lib/gcc/arm-atollic-eabi/6.3.1/armv7e-m/fpu/crtbegin.o
 *(.text*)
 .text.HAL_Init
                0x00000000080001e0       0x2c Drivers/STM32F3xx_HAL_Driver/Src/stm32f3xx_hal.o
                0x00000000080001e0                HAL_Init
 .text.HAL_IncTick
                0x000000000800020c       0x28 Drivers/STM32F3xx_HAL_Driver/Src/stm32f3xx_hal.o
                0x000000000800020c                HAL_IncTick
 .text.HAL_GetTick
                0x0000000008000234       0x18 Drivers/STM32F3xx_HAL_Driver/Src/stm32f3xx_hal.o
                0x0000000008000234                HAL_GetTick
 .text.HAL_ADC_Init
                0x000000000800024c      0x3f4 Drivers/STM32F3xx_HAL_Driver/Src/stm32f3xx_hal_adc_ex.o
                0x000000000800024c                HAL_ADC_Init
 .text.HAL_ADC_Start
                0x0000000008000640      0x22c Drivers/STM32F3xx_HAL_Driver/Src/stm32f3xx_hal_adc_ex.o
                0x0000000008000640                HAL_ADC_Start
 .text.HAL_ADC_PollForConversion
                0x000000000800086c      0x1f4 Drivers/STM32F3xx_HAL_Driver/Src/stm32f3xx_hal_adc_ex.o
                0x000000000800086c                HAL_ADC_PollForConversion
 .text.HAL_ADC_GetValue
                0x0000000008000a60       0x1a Drivers/STM32F3xx_HAL_Driver/Src/stm32f3xx_hal_adc_ex.o
                0x0000000008000a60                HAL_ADC_GetValue
 *fill*         0x0000000008000a7a        0x2 
 .text.HAL_ADC_ConfigChannel
                0x0000000008000a7c      0x5d8 Drivers/STM32F3xx_HAL_Driver/Src/stm32f3xx_hal_adc_ex.o
                0x0000000008000a7c                HAL_ADC_ConfigChannel
 .text.HAL_ADCEx_MultiModeConfigChannel
                0x0000000008001054      0x1e0 Drivers/STM32F3xx_HAL_Driver/Src/stm32f3xx_hal_adc_ex.o
                0x0000000008001054                HAL_ADCEx_MultiModeConfigChannel
 .text.ADC_Enable
                0x0000000008001234       0xbc Drivers/STM32F3xx_HAL_Driver/Src/stm32f3xx_hal_adc_ex.o
 .text.ADC_Disable
                0x00000000080012f0       0xbe Drivers/STM32F3xx_HAL_Driver/Src/stm32f3xx_hal_adc_ex.o
 *fill*         0x00000000080013ae        0x2 
 .text.NVIC_SetPriorityGrouping
                0x00000000080013b0       0x48 Drivers/STM32F3xx_HAL_Driver/Src/stm32f3xx_hal_cortex.o
 .text.NVIC_GetPriorityGrouping
                0x00000000080013f8       0x1c Drivers/STM32F3xx_HAL_Driver/Src/stm32f3xx_hal_cortex.o
 .text.NVIC_EnableIRQ
                0x0000000008001414       0x34 Drivers/STM32F3xx_HAL_Driver/Src/stm32f3xx_hal_cortex.o
 .text.NVIC_SetPriority
                0x0000000008001448       0x54 Drivers/STM32F3xx_HAL_Driver/Src/stm32f3xx_hal_cortex.o
 .text.NVIC_EncodePriority
                0x000000000800149c       0x62 Drivers/STM32F3xx_HAL_Driver/Src/stm32f3xx_hal_cortex.o
 .text.HAL_NVIC_SetPriorityGrouping
                0x00000000080014fe       0x16 Drivers/STM32F3xx_HAL_Driver/Src/stm32f3xx_hal_cortex.o
                0x00000000080014fe                HAL_NVIC_SetPriorityGrouping
 .text.HAL_NVIC_SetPriority
                0x0000000008001514       0x38 Drivers/STM32F3xx_HAL_Driver/Src/stm32f3xx_hal_cortex.o
                0x0000000008001514                HAL_NVIC_SetPriority
 .text.HAL_NVIC_EnableIRQ
                0x000000000800154c       0x1c Drivers/STM32F3xx_HAL_Driver/Src/stm32f3xx_hal_cortex.o
                0x000000000800154c                HAL_NVIC_EnableIRQ
 .text.HAL_GPIO_Init
                0x0000000008001568      0x31c Drivers/STM32F3xx_HAL_Driver/Src/stm32f3xx_hal_gpio.o
                0x0000000008001568                HAL_GPIO_Init
 .text.HAL_GPIO_WritePin
                0x0000000008001884       0x30 Drivers/STM32F3xx_HAL_Driver/Src/stm32f3xx_hal_gpio.o
                0x0000000008001884                HAL_GPIO_WritePin
 .text.HAL_RCC_OscConfig
                0x00000000080018b4      0xddc Drivers/STM32F3xx_HAL_Driver/Src/stm32f3xx_hal_rcc.o
                0x00000000080018b4                HAL_RCC_OscConfig
 .text.HAL_RCC_ClockConfig
                0x0000000008002690      0x2f8 Drivers/STM32F3xx_HAL_Driver/Src/stm32f3xx_hal_rcc.o
                0x0000000008002690                HAL_RCC_ClockConfig
 .text.HAL_RCC_GetSysClockFreq
                0x0000000008002988       0xd4 Drivers/STM32F3xx_HAL_Driver/Src/stm32f3xx_hal_rcc.o
                0x0000000008002988                HAL_RCC_GetSysClockFreq
 .text.HAL_RCC_GetHCLKFreq
                0x0000000008002a5c       0x18 Drivers/STM32F3xx_HAL_Driver/Src/stm32f3xx_hal_rcc.o
                0x0000000008002a5c                HAL_RCC_GetHCLKFreq
 .text.HAL_RCC_GetPCLK1Freq
                0x0000000008002a74       0x44 Drivers/STM32F3xx_HAL_Driver/Src/stm32f3xx_hal_rcc.o
                0x0000000008002a74                HAL_RCC_GetPCLK1Freq
 .text.HAL_RCC_GetPCLK2Freq
                0x0000000008002ab8       0x44 Drivers/STM32F3xx_HAL_Driver/Src/stm32f3xx_hal_rcc.o
                0x0000000008002ab8                HAL_RCC_GetPCLK2Freq
 .text.HAL_RCC_GetClockConfig
                0x0000000008002afc       0x64 Drivers/STM32F3xx_HAL_Driver/Src/stm32f3xx_hal_rcc.o
                0x0000000008002afc                HAL_RCC_GetClockConfig
 .text.HAL_RCCEx_PeriphCLKConfig
                0x0000000008002b60      0x438 Drivers/STM32F3xx_HAL_Driver/Src/stm32f3xx_hal_rcc_ex.o
                0x0000000008002b60                HAL_RCCEx_PeriphCLKConfig
 .text.HAL_TIM_Base_Init
                0x0000000008002f98       0x56 Drivers/STM32F3xx_HAL_Driver/Src/stm32f3xx_hal_tim.o
                0x0000000008002f98                HAL_TIM_Base_Init
 .text.HAL_TIM_Base_MspInit
                0x0000000008002fee       0x14 Drivers/STM32F3xx_HAL_Driver/Src/stm32f3xx_hal_tim.o
                0x0000000008002fee                HAL_TIM_Base_MspInit
 .text.HAL_TIM_Base_Start_IT
                0x0000000008003002       0x36 Drivers/STM32F3xx_HAL_Driver/Src/stm32f3xx_hal_tim.o
                0x0000000008003002                HAL_TIM_Base_Start_IT
 .text.HAL_TIM_PWM_Init
                0x0000000008003038       0x56 Drivers/STM32F3xx_HAL_Driver/Src/stm32f3xx_hal_tim.o
                0x0000000008003038                HAL_TIM_PWM_Init
 .text.HAL_TIM_IRQHandler
                0x000000000800308e      0x23e Drivers/STM32F3xx_HAL_Driver/Src/stm32f3xx_hal_tim.o
                0x000000000800308e                HAL_TIM_IRQHandler
 .text.HAL_TIM_OC_DelayElapsedCallback
                0x00000000080032cc       0x14 Drivers/STM32F3xx_HAL_Driver/Src/stm32f3xx_hal_tim.o
                0x00000000080032cc                HAL_TIM_OC_DelayElapsedCallback
 .text.HAL_TIM_IC_CaptureCallback
                0x00000000080032e0       0x14 Drivers/STM32F3xx_HAL_Driver/Src/stm32f3xx_hal_tim.o
                0x00000000080032e0                HAL_TIM_IC_CaptureCallback
 .text.HAL_TIM_PWM_PulseFinishedCallback
                0x00000000080032f4       0x14 Drivers/STM32F3xx_HAL_Driver/Src/stm32f3xx_hal_tim.o
                0x00000000080032f4                HAL_TIM_PWM_PulseFinishedCallback
 .text.HAL_TIM_TriggerCallback
                0x0000000008003308       0x14 Drivers/STM32F3xx_HAL_Driver/Src/stm32f3xx_hal_tim.o
                0x0000000008003308                HAL_TIM_TriggerCallback
 .text.TIM_Base_SetConfig
                0x000000000800331c      0x140 Drivers/STM32F3xx_HAL_Driver/Src/stm32f3xx_hal_tim.o
                0x000000000800331c                TIM_Base_SetConfig
 .text.TIM_OC1_SetConfig
                0x000000000800345c      0x140 Drivers/STM32F3xx_HAL_Driver/Src/stm32f3xx_hal_tim.o
                0x000000000800345c                TIM_OC1_SetConfig
 .text.TIM_OC2_SetConfig
                0x000000000800359c      0x134 Drivers/STM32F3xx_HAL_Driver/Src/stm32f3xx_hal_tim.o
                0x000000000800359c                TIM_OC2_SetConfig
 .text.TIM_OC3_SetConfig
                0x00000000080036d0      0x130 Drivers/STM32F3xx_HAL_Driver/Src/stm32f3xx_hal_tim.o
                0x00000000080036d0                TIM_OC3_SetConfig
 .text.TIM_OC4_SetConfig
                0x0000000008003800       0xec Drivers/STM32F3xx_HAL_Driver/Src/stm32f3xx_hal_tim.o
                0x0000000008003800                TIM_OC4_SetConfig
 .text.HAL_TIM_PWM_ConfigChannel
                0x00000000080038ec      0x230 Drivers/STM32F3xx_HAL_Driver/Src/stm32f3xx_hal_tim_ex.o
                0x00000000080038ec                HAL_TIM_PWM_ConfigChannel
 .text.HAL_TIMEx_MasterConfigSynchronization
                0x0000000008003b1c       0xb8 Drivers/STM32F3xx_HAL_Driver/Src/stm32f3xx_hal_tim_ex.o
                0x0000000008003b1c                HAL_TIMEx_MasterConfigSynchronization
 .text.HAL_TIMEx_CommutationCallback
                0x0000000008003bd4       0x14 Drivers/STM32F3xx_HAL_Driver/Src/stm32f3xx_hal_tim_ex.o
                0x0000000008003bd4                HAL_TIMEx_CommutationCallback
 .text.HAL_TIMEx_BreakCallback
                0x0000000008003be8       0x14 Drivers/STM32F3xx_HAL_Driver/Src/stm32f3xx_hal_tim_ex.o
                0x0000000008003be8                HAL_TIMEx_BreakCallback
 .text.HAL_TIMEx_Break2Callback
                0x0000000008003bfc       0x14 Drivers/STM32F3xx_HAL_Driver/Src/stm32f3xx_hal_tim_ex.o
                0x0000000008003bfc                HAL_TIMEx_Break2Callback
 .text.TIM_OC5_SetConfig
                0x0000000008003c10       0xe0 Drivers/STM32F3xx_HAL_Driver/Src/stm32f3xx_hal_tim_ex.o
 .text.TIM_OC6_SetConfig
                0x0000000008003cf0       0xe4 Drivers/STM32F3xx_HAL_Driver/Src/stm32f3xx_hal_tim_ex.o
 .text.HAL_UART_Init
                0x0000000008003dd4       0xa2 Drivers/STM32F3xx_HAL_Driver/Src/stm32f3xx_hal_uart.o
                0x0000000008003dd4                HAL_UART_Init
 *fill*         0x0000000008003e76        0x2 
 .text.UART_SetConfig
                0x0000000008003e78      0x3fc Drivers/STM32F3xx_HAL_Driver/Src/stm32f3xx_hal_uart.o
                0x0000000008003e78                UART_SetConfig
 .text.UART_AdvFeatureConfig
                0x0000000008004274      0x144 Drivers/STM32F3xx_HAL_Driver/Src/stm32f3xx_hal_uart.o
                0x0000000008004274                UART_AdvFeatureConfig
 .text.UART_CheckIdleState
                0x00000000080043b8       0x92 Drivers/STM32F3xx_HAL_Driver/Src/stm32f3xx_hal_uart.o
                0x00000000080043b8                UART_CheckIdleState
 .text.UART_WaitOnFlagUntilTimeout
                0x000000000800444a       0x94 Drivers/STM32F3xx_HAL_Driver/Src/stm32f3xx_hal_uart.o
                0x000000000800444a                UART_WaitOnFlagUntilTimeout
 .text.makeFreeRtosPriority
                0x00000000080044de       0x30 Middlewares/Third_Party/FreeRTOS/Source/CMSIS_RTOS/cmsis_os.o
 .text.osKernelStart
                0x000000000800450e        0xe Middlewares/Third_Party/FreeRTOS/Source/CMSIS_RTOS/cmsis_os.o
                0x000000000800450e                osKernelStart
 .text.osThreadCreate
                0x000000000800451c       0x4e Middlewares/Third_Party/FreeRTOS/Source/CMSIS_RTOS/cmsis_os.o
                0x000000000800451c                osThreadCreate
 .text.osDelay  0x000000000800456a       0x28 Middlewares/Third_Party/FreeRTOS/Source/CMSIS_RTOS/cmsis_os.o
                0x000000000800456a                osDelay
 .text.vListInitialise
                0x0000000008004592       0x40 Middlewares/Third_Party/FreeRTOS/Source/list.o
                0x0000000008004592                vListInitialise
 .text.vListInitialiseItem
                0x00000000080045d2       0x1a Middlewares/Third_Party/FreeRTOS/Source/list.o
                0x00000000080045d2                vListInitialiseItem
 .text.vListInsertEnd
                0x00000000080045ec       0x48 Middlewares/Third_Party/FreeRTOS/Source/list.o
                0x00000000080045ec                vListInsertEnd
 .text.vListInsert
                0x0000000008004634       0x72 Middlewares/Third_Party/FreeRTOS/Source/list.o
                0x0000000008004634                vListInsert
 .text.uxListRemove
                0x00000000080046a6       0x54 Middlewares/Third_Party/FreeRTOS/Source/list.o
                0x00000000080046a6                uxListRemove
 *fill*         0x00000000080046fa        0x2 
 .text.pxPortInitialiseStack
                0x00000000080046fc       0x68 Middlewares/Third_Party/FreeRTOS/Source/portable/GCC/ARM_CM4F/port.o
                0x00000000080046fc                pxPortInitialiseStack
 .text.prvTaskExitError
                0x0000000008004764       0x3c Middlewares/Third_Party/FreeRTOS/Source/portable/GCC/ARM_CM4F/port.o
 .text.SVC_Handler
                0x00000000080047a0       0x28 Middlewares/Third_Party/FreeRTOS/Source/portable/GCC/ARM_CM4F/port.o
                0x00000000080047a0                SVC_Handler
 .text.prvPortStartFirstTask
                0x00000000080047c8       0x20 Middlewares/Third_Party/FreeRTOS/Source/portable/GCC/ARM_CM4F/port.o
 .text.xPortStartScheduler
                0x00000000080047e8      0x118 Middlewares/Third_Party/FreeRTOS/Source/portable/GCC/ARM_CM4F/port.o
                0x00000000080047e8                xPortStartScheduler
 .text.vPortEnterCritical
                0x0000000008004900       0x5c Middlewares/Third_Party/FreeRTOS/Source/portable/GCC/ARM_CM4F/port.o
                0x0000000008004900                vPortEnterCritical
 .text.vPortExitCritical
                0x000000000800495c       0x50 Middlewares/Third_Party/FreeRTOS/Source/portable/GCC/ARM_CM4F/port.o
                0x000000000800495c                vPortExitCritical
 *fill*         0x00000000080049ac        0x4 
 .text.PendSV_Handler
                0x00000000080049b0       0x68 Middlewares/Third_Party/FreeRTOS/Source/portable/GCC/ARM_CM4F/port.o
                0x00000000080049b0                PendSV_Handler
 .text.SysTick_Handler
                0x0000000008004a18       0x40 Middlewares/Third_Party/FreeRTOS/Source/portable/GCC/ARM_CM4F/port.o
                0x0000000008004a18                SysTick_Handler
 .text.vPortSetupTimerInterrupt
                0x0000000008004a58       0x38 Middlewares/Third_Party/FreeRTOS/Source/portable/GCC/ARM_CM4F/port.o
                0x0000000008004a58                vPortSetupTimerInterrupt
 .text.vPortEnableVFP
                0x0000000008004a90       0x14 Middlewares/Third_Party/FreeRTOS/Source/portable/GCC/ARM_CM4F/port.o
 .text.pvPortMalloc
                0x0000000008004aa4      0x184 Middlewares/Third_Party/FreeRTOS/Source/portable/MemMang/heap_4.o
                0x0000000008004aa4                pvPortMalloc
 .text.vPortFree
                0x0000000008004c28       0xb0 Middlewares/Third_Party/FreeRTOS/Source/portable/MemMang/heap_4.o
                0x0000000008004c28                vPortFree
 .text.prvHeapInit
                0x0000000008004cd8       0xc4 Middlewares/Third_Party/FreeRTOS/Source/portable/MemMang/heap_4.o
 .text.prvInsertBlockIntoFreeList
                0x0000000008004d9c       0xb4 Middlewares/Third_Party/FreeRTOS/Source/portable/MemMang/heap_4.o
 .text.xTaskCreate
                0x0000000008004e50       0x82 Middlewares/Third_Party/FreeRTOS/Source/tasks.o
                0x0000000008004e50                xTaskCreate
 .text.prvInitialiseNewTask
                0x0000000008004ed2       0xfc Middlewares/Third_Party/FreeRTOS/Source/tasks.o
 *fill*         0x0000000008004fce        0x2 
 .text.prvAddNewTaskToReadyList
                0x0000000008004fd0       0xd4 Middlewares/Third_Party/FreeRTOS/Source/tasks.o
 .text.vTaskDelay
                0x00000000080050a4       0x68 Middlewares/Third_Party/FreeRTOS/Source/tasks.o
                0x00000000080050a4                vTaskDelay
 .text.vTaskStartScheduler
                0x000000000800510c       0x8c Middlewares/Third_Party/FreeRTOS/Source/tasks.o
                0x000000000800510c                vTaskStartScheduler
 .text.vTaskSuspendAll
                0x0000000008005198       0x1c Middlewares/Third_Party/FreeRTOS/Source/tasks.o
                0x0000000008005198                vTaskSuspendAll
 .text.xTaskResumeAll
                0x00000000080051b4      0x138 Middlewares/Third_Party/FreeRTOS/Source/tasks.o
                0x00000000080051b4                xTaskResumeAll
 .text.xTaskIncrementTick
                0x00000000080052ec      0x178 Middlewares/Third_Party/FreeRTOS/Source/tasks.o
                0x00000000080052ec                xTaskIncrementTick
 .text.vTaskSwitchContext
                0x0000000008005464       0xb4 Middlewares/Third_Party/FreeRTOS/Source/tasks.o
                0x0000000008005464                vTaskSwitchContext
 .text.prvIdleTask
                0x0000000008005518       0x30 Middlewares/Third_Party/FreeRTOS/Source/tasks.o
 .text.prvInitialiseTaskLists
                0x0000000008005548       0x80 Middlewares/Third_Party/FreeRTOS/Source/tasks.o
 .text.prvCheckTasksWaitingTermination
                0x00000000080055c8       0x78 Middlewares/Third_Party/FreeRTOS/Source/tasks.o
 .text.prvDeleteTCB
                0x0000000008005640       0x20 Middlewares/Third_Party/FreeRTOS/Source/tasks.o
 .text.prvResetNextTaskUnblockTime
                0x0000000008005660       0x4c Middlewares/Third_Party/FreeRTOS/Source/tasks.o
 .text.prvAddCurrentTaskToDelayedList
                0x00000000080056ac       0xcc Middlewares/Third_Party/FreeRTOS/Source/tasks.o
 .text.main     0x0000000008005778      0x148 Src/main.o
                0x0000000008005778                main
 .text.SystemClock_Config
                0x00000000080058c0       0xc4 Src/main.o
                0x00000000080058c0                SystemClock_Config
 .text.MX_ADC1_Init
                0x0000000008005984       0xdc Src/main.o
 .text.MX_TIM3_Init
                0x0000000008005a60       0xcc Src/main.o
 .text.MX_USART2_UART_Init
                0x0000000008005b2c       0x60 Src/main.o
 .text.MX_GPIO_Init
                0x0000000008005b8c      0x150 Src/main.o
 .text.StartDefaultTask
                0x0000000008005cdc       0x10 Src/main.o
                0x0000000008005cdc                StartDefaultTask
 .text.motor0Loop
                0x0000000008005cec       0x94 Src/main.o
                0x0000000008005cec                motor0Loop
 .text.motor1Loop
                0x0000000008005d80       0x88 Src/main.o
                0x0000000008005d80                motor1Loop
 .text.ADCLoop  0x0000000008005e08      0x14c Src/main.o
                0x0000000008005e08                ADCLoop
 .text.config   0x0000000008005f54       0xa4 Src/main.o
                0x0000000008005f54                config
 .text.controlLoop
                0x0000000008005ff8      0x144 Src/main.o
                0x0000000008005ff8                controlLoop
 .text.changeSpeed
                0x000000000800613c       0xa4 Src/main.o
                0x000000000800613c                changeSpeed
 .text.goAhead  0x00000000080061e0       0x10 Src/main.o
                0x00000000080061e0                goAhead
 .text.turnLeft
                0x00000000080061f0       0x10 Src/main.o
                0x00000000080061f0                turnLeft
 .text.turnRight
                0x0000000008006200       0x10 Src/main.o
                0x0000000008006200                turnRight
 .text.backupLoop0
                0x0000000008006210       0x10 Src/main.o
                0x0000000008006210                backupLoop0
 .text.backupLoop1
                0x0000000008006220       0x10 Src/main.o
                0x0000000008006220                backupLoop1
 .text.HAL_TIM_PeriodElapsedCallback
                0x0000000008006230       0x24 Src/main.o
                0x0000000008006230                HAL_TIM_PeriodElapsedCallback
 .text.Error_Handler
                0x0000000008006254        0xe Src/main.o
                0x0000000008006254                Error_Handler
 *fill*         0x0000000008006262        0x2 
 .text.setCorrectDirM1
                0x0000000008006264       0x50 Src/motors.o
                0x0000000008006264                setCorrectDirM1
 .text.resetDirM1
                0x00000000080062b4       0x24 Src/motors.o
                0x00000000080062b4                resetDirM1
 .text.setCorrectDirM2
                0x00000000080062d8       0x50 Src/motors.o
                0x00000000080062d8                setCorrectDirM2
 .text.resetDirM2
                0x0000000008006328       0x24 Src/motors.o
                0x0000000008006328                resetDirM2
 .text.HAL_MspInit
                0x000000000800634c       0x50 Src/stm32f3xx_hal_msp.o
                0x000000000800634c                HAL_MspInit
 .text.HAL_ADC_MspInit
                0x000000000800639c       0xe4 Src/stm32f3xx_hal_msp.o
                0x000000000800639c                HAL_ADC_MspInit
 .text.HAL_TIM_PWM_MspInit
                0x0000000008006480       0x40 Src/stm32f3xx_hal_msp.o
                0x0000000008006480                HAL_TIM_PWM_MspInit
 .text.HAL_TIM_MspPostInit
                0x00000000080064c0       0x6c Src/stm32f3xx_hal_msp.o
                0x00000000080064c0                HAL_TIM_MspPostInit
 .text.HAL_UART_MspInit
                0x000000000800652c       0x84 Src/stm32f3xx_hal_msp.o
                0x000000000800652c                HAL_UART_MspInit
 .text.HAL_InitTick
                0x00000000080065b0       0xac Src/stm32f3xx_hal_timebase_tim.o
                0x00000000080065b0                HAL_InitTick
 .text.NMI_Handler
                0x000000000800665c        0xe Src/stm32f3xx_it.o
                0x000000000800665c                NMI_Handler
 .text.HardFault_Handler
                0x000000000800666a        0x6 Src/stm32f3xx_it.o
                0x000000000800666a                HardFault_Handler
 .text.MemManage_Handler
                0x0000000008006670        0x6 Src/stm32f3xx_it.o
                0x0000000008006670                MemManage_Handler
 .text.BusFault_Handler
                0x0000000008006676        0x6 Src/stm32f3xx_it.o
                0x0000000008006676                BusFault_Handler
 .text.UsageFault_Handler
                0x000000000800667c        0x6 Src/stm32f3xx_it.o
                0x000000000800667c                UsageFault_Handler
 .text.DebugMon_Handler
                0x0000000008006682        0xe Src/stm32f3xx_it.o
                0x0000000008006682                DebugMon_Handler
 .text.TIM1_UP_TIM16_IRQHandler
                0x0000000008006690       0x14 Src/stm32f3xx_it.o
                0x0000000008006690                TIM1_UP_TIM16_IRQHandler
 .text.SystemInit
                0x00000000080066a4       0x94 Src/system_stm32f3xx.o
                0x00000000080066a4                SystemInit
 .text.Reset_Handler
                0x0000000008006738       0x50 startup/startup_stm32f303xe.o
                0x0000000008006738                Reset_Handler
 .text.Default_Handler
                0x0000000008006788        0x2 startup/startup_stm32f303xe.o
                0x0000000008006788                RTC_Alarm_IRQHandler
                0x0000000008006788                TIM8_TRG_COM_IRQHandler
                0x0000000008006788                TIM8_CC_IRQHandler
                0x0000000008006788                SPI4_IRQHandler
                0x0000000008006788                TIM1_CC_IRQHandler
                0x0000000008006788                USB_HP_IRQHandler
                0x0000000008006788                PVD_IRQHandler
                0x0000000008006788                TAMP_STAMP_IRQHandler
                0x0000000008006788                EXTI3_IRQHandler
                0x0000000008006788                I2C3_ER_IRQHandler
                0x0000000008006788                USB_HP_CAN_TX_IRQHandler
                0x0000000008006788                EXTI0_IRQHandler
                0x0000000008006788                I2C2_EV_IRQHandler
                0x0000000008006788                FPU_IRQHandler
                0x0000000008006788                ADC1_2_IRQHandler
                0x0000000008006788                SPI1_IRQHandler
                0x0000000008006788                CAN_SCE_IRQHandler
                0x0000000008006788                TIM6_DAC_IRQHandler
                0x0000000008006788                TIM8_UP_IRQHandler
                0x0000000008006788                DMA2_Channel2_IRQHandler
                0x0000000008006788                DMA1_Channel4_IRQHandler
                0x0000000008006788                TIM20_TRG_COM_IRQHandler
                0x0000000008006788                USART3_IRQHandler
                0x0000000008006788                DMA1_Channel7_IRQHandler
                0x0000000008006788                UART5_IRQHandler
                0x0000000008006788                ADC3_IRQHandler
                0x0000000008006788                TIM4_IRQHandler
                0x0000000008006788                CAN_RX1_IRQHandler
                0x0000000008006788                DMA2_Channel1_IRQHandler
                0x0000000008006788                I2C1_EV_IRQHandler
                0x0000000008006788                DMA1_Channel6_IRQHandler
                0x0000000008006788                UART4_IRQHandler
                0x0000000008006788                DMA2_Channel4_IRQHandler
                0x0000000008006788                TIM3_IRQHandler
                0x0000000008006788                RCC_IRQHandler
                0x0000000008006788                TIM20_UP_IRQHandler
                0x0000000008006788                DMA1_Channel1_IRQHandler
                0x0000000008006788                Default_Handler
                0x0000000008006788                USBWakeUp_RMP_IRQHandler
                0x0000000008006788                EXTI15_10_IRQHandler
                0x0000000008006788                TIM7_IRQHandler
                0x0000000008006788                I2C3_EV_IRQHandler
                0x0000000008006788                EXTI9_5_IRQHandler
                0x0000000008006788                RTC_WKUP_IRQHandler
                0x0000000008006788                SPI2_IRQHandler
                0x0000000008006788                USB_LP_CAN_RX0_IRQHandler
                0x0000000008006788                DMA2_Channel5_IRQHandler
                0x0000000008006788                DMA1_Channel5_IRQHandler
                0x0000000008006788                USB_LP_IRQHandler
                0x0000000008006788                EXTI4_IRQHandler
                0x0000000008006788                TIM1_TRG_COM_TIM17_IRQHandler
                0x0000000008006788                DMA1_Channel3_IRQHandler
                0x0000000008006788                ADC4_IRQHandler
                0x0000000008006788                WWDG_IRQHandler
                0x0000000008006788                TIM2_IRQHandler
                0x0000000008006788                COMP7_IRQHandler
                0x0000000008006788                COMP1_2_3_IRQHandler
                0x0000000008006788                EXTI1_IRQHandler
                0x0000000008006788                USART2_IRQHandler
                0x0000000008006788                COMP4_5_6_IRQHandler
                0x0000000008006788                TIM20_BRK_IRQHandler
                0x0000000008006788                I2C2_ER_IRQHandler
                0x0000000008006788                DMA1_Channel2_IRQHandler
                0x0000000008006788                TIM8_BRK_IRQHandler
                0x0000000008006788                FLASH_IRQHandler
                0x0000000008006788                TIM20_CC_IRQHandler
                0x0000000008006788                USART1_IRQHandler
                0x0000000008006788                SPI3_IRQHandler
                0x0000000008006788                I2C1_ER_IRQHandler
                0x0000000008006788                FMC_IRQHandler
                0x0000000008006788                USBWakeUp_IRQHandler
                0x0000000008006788                DMA2_Channel3_IRQHandler
                0x0000000008006788                EXTI2_TSC_IRQHandler
                0x0000000008006788                TIM1_BRK_TIM15_IRQHandler
 *fill*         0x000000000800678a        0x2 
 .text.__libc_init_array
                0x000000000800678c       0x48 /opt/Atollic_TrueSTUDIO_for_STM32_x86_64_9.3.0/ARMTools/bin/../lib/gcc/arm-atollic-eabi/6.3.1/../../../../arm-atollic-eabi/lib/armv7e-m/fpu/libc_nano.a(lib_a-init.o)
                0x000000000800678c                __libc_init_array
 .text.memset   0x00000000080067d4       0x10 /opt/Atollic_TrueSTUDIO_for_STM32_x86_64_9.3.0/ARMTools/bin/../lib/gcc/arm-atollic-eabi/6.3.1/../../../../arm-atollic-eabi/lib/armv7e-m/fpu/libc_nano.a(lib_a-memset.o)
                0x00000000080067d4                memset
 *(.glue_7)
 .glue_7        0x00000000080067e4        0x0 linker stubs
 *(.glue_7t)
 .glue_7t       0x00000000080067e4        0x0 linker stubs
 *(.eh_frame)
 .eh_frame      0x00000000080067e4        0x0 /opt/Atollic_TrueSTUDIO_for_STM32_x86_64_9.3.0/ARMTools/bin/../lib/gcc/arm-atollic-eabi/6.3.1/armv7e-m/fpu/crtbegin.o
 *(.init)
 .init          0x00000000080067e4        0x4 /opt/Atollic_TrueSTUDIO_for_STM32_x86_64_9.3.0/ARMTools/bin/../lib/gcc/arm-atollic-eabi/6.3.1/armv7e-m/fpu/crti.o
                0x00000000080067e4                _init
 .init          0x00000000080067e8        0x8 /opt/Atollic_TrueSTUDIO_for_STM32_x86_64_9.3.0/ARMTools/bin/../lib/gcc/arm-atollic-eabi/6.3.1/armv7e-m/fpu/crtn.o
 *(.fini)
 .fini          0x00000000080067f0        0x4 /opt/Atollic_TrueSTUDIO_for_STM32_x86_64_9.3.0/ARMTools/bin/../lib/gcc/arm-atollic-eabi/6.3.1/armv7e-m/fpu/crti.o
                0x00000000080067f0                _fini
 .fini          0x00000000080067f4        0x8 /opt/Atollic_TrueSTUDIO_for_STM32_x86_64_9.3.0/ARMTools/bin/../lib/gcc/arm-atollic-eabi/6.3.1/armv7e-m/fpu/crtn.o
                0x00000000080067fc                . = ALIGN (0x4)
                0x00000000080067fc                _etext = .

.vfp11_veneer   0x00000000080067fc        0x0
 .vfp11_veneer  0x00000000080067fc        0x0 linker stubs

.v4_bx          0x00000000080067fc        0x0
 .v4_bx         0x00000000080067fc        0x0 linker stubs

.iplt           0x00000000080067fc        0x0
 .iplt          0x00000000080067fc        0x0 /opt/Atollic_TrueSTUDIO_for_STM32_x86_64_9.3.0/ARMTools/bin/../lib/gcc/arm-atollic-eabi/6.3.1/armv7e-m/fpu/crtbegin.o

.rodata         0x00000000080067fc      0x11c
                0x00000000080067fc                . = ALIGN (0x4)
 *(.rodata)
 .rodata        0x00000000080067fc        0x5 Middlewares/Third_Party/FreeRTOS/Source/tasks.o
 *fill*         0x0000000008006801        0x3 
 .rodata        0x0000000008006804       0xdc Src/main.o
 *(.rodata*)
 .rodata.aPLLMULFactorTable
                0x00000000080068e0       0x10 Drivers/STM32F3xx_HAL_Driver/Src/stm32f3xx_hal_rcc.o
                0x00000000080068e0                aPLLMULFactorTable
 .rodata.aPredivFactorTable
                0x00000000080068f0       0x10 Drivers/STM32F3xx_HAL_Driver/Src/stm32f3xx_hal_rcc.o
                0x00000000080068f0                aPredivFactorTable
 .rodata.AHBPrescTable
                0x0000000008006900       0x10 Src/system_stm32f3xx.o
                0x0000000008006900                AHBPrescTable
 .rodata.APBPrescTable
                0x0000000008006910        0x8 Src/system_stm32f3xx.o
                0x0000000008006910                APBPrescTable
                0x0000000008006918                . = ALIGN (0x4)

.rel.dyn        0x0000000008006918        0x0
 .rel.iplt      0x0000000008006918        0x0 /opt/Atollic_TrueSTUDIO_for_STM32_x86_64_9.3.0/ARMTools/bin/../lib/gcc/arm-atollic-eabi/6.3.1/armv7e-m/fpu/crtbegin.o

.ARM.extab
 *(.ARM.extab* .gnu.linkonce.armextab.*)

.ARM            0x0000000008006918        0x0
                0x0000000008006918                __exidx_start = .
 *(.ARM.exidx*)
                0x0000000008006918                __exidx_end = .

.preinit_array  0x0000000008006918        0x0
                0x0000000008006918                PROVIDE (__preinit_array_start, .)
 *(.preinit_array*)
                0x0000000008006918                PROVIDE (__preinit_array_end, .)

.init_array     0x0000000008006918        0x4
                0x0000000008006918                PROVIDE (__init_array_start, .)
 *(SORT(.init_array.*))
 *(.init_array*)
 .init_array    0x0000000008006918        0x4 /opt/Atollic_TrueSTUDIO_for_STM32_x86_64_9.3.0/ARMTools/bin/../lib/gcc/arm-atollic-eabi/6.3.1/armv7e-m/fpu/crtbegin.o
                0x000000000800691c                PROVIDE (__init_array_end, .)

.fini_array     0x000000000800691c        0x4
                [!provide]                        PROVIDE (__fini_array_start, .)
 *(SORT(.fini_array.*))
 *(.fini_array*)
 .fini_array    0x000000000800691c        0x4 /opt/Atollic_TrueSTUDIO_for_STM32_x86_64_9.3.0/ARMTools/bin/../lib/gcc/arm-atollic-eabi/6.3.1/armv7e-m/fpu/crtbegin.o
                [!provide]                        PROVIDE (__fini_array_end, .)
                0x0000000008006920                _sidata = LOADADDR (.data)

.data           0x0000000020000000       0x14 load address 0x0000000008006920
                0x0000000020000000                . = ALIGN (0x4)
                0x0000000020000000                _sdata = .
 *(.data)
 *(.data*)
 .data.uwTickFreq
                0x0000000020000000        0x1 Drivers/STM32F3xx_HAL_Driver/Src/stm32f3xx_hal.o
                0x0000000020000000                uwTickFreq
 *fill*         0x0000000020000001        0x3 
 .data.uxCriticalNesting
                0x0000000020000004        0x4 Middlewares/Third_Party/FreeRTOS/Source/portable/GCC/ARM_CM4F/port.o
 .data.m1State  0x0000000020000008        0x1 Src/main.o
                0x0000000020000008                m1State
 .data.m2State  0x0000000020000009        0x1 Src/main.o
                0x0000000020000009                m2State
 .data.m1Speed  0x000000002000000a        0x2 Src/main.o
                0x000000002000000a                m1Speed
 .data.m2Speed  0x000000002000000c        0x2 Src/main.o
                0x000000002000000c                m2Speed
 *fill*         0x000000002000000e        0x2 
 .data.SystemCoreClock
                0x0000000020000010        0x4 Src/system_stm32f3xx.o
                0x0000000020000010                SystemCoreClock
                0x0000000020000014                . = ALIGN (0x4)
                0x0000000020000014                _edata = .
                0x0000000008006934                _siccmram = LOADADDR (.ccmram)

.igot.plt       0x0000000020000014        0x0 load address 0x0000000008006934
 .igot.plt      0x0000000020000014        0x0 /opt/Atollic_TrueSTUDIO_for_STM32_x86_64_9.3.0/ARMTools/bin/../lib/gcc/arm-atollic-eabi/6.3.1/armv7e-m/fpu/crtbegin.o

.ccmram         0x0000000010000000        0x0 load address 0x0000000008006934
                0x0000000010000000                . = ALIGN (0x4)
                0x0000000010000000                _sccmram = .
 *(.ccmram)
 *(.ccmram*)
                0x0000000010000000                . = ALIGN (0x4)
                0x0000000010000000                _eccmram = .
                0x0000000010000000                . = ALIGN (0x4)

.bss            0x0000000020000014     0x1b3c
                0x0000000020000014                _sbss = .
                0x0000000020000014                __bss_start__ = _sbss
 *(.bss)
 .bss           0x0000000020000014       0x1c /opt/Atollic_TrueSTUDIO_for_STM32_x86_64_9.3.0/ARMTools/bin/../lib/gcc/arm-atollic-eabi/6.3.1/armv7e-m/fpu/crtbegin.o
 *(.bss*)
 .bss.ucMaxSysCallPriority
                0x0000000020000030        0x1 Middlewares/Third_Party/FreeRTOS/Source/portable/GCC/ARM_CM4F/port.o
 *fill*         0x0000000020000031        0x3 
 .bss.ulMaxPRIGROUPValue
                0x0000000020000034        0x4 Middlewares/Third_Party/FreeRTOS/Source/portable/GCC/ARM_CM4F/port.o
 .bss.ucHeap    0x0000000020000038     0x1860 Middlewares/Third_Party/FreeRTOS/Source/portable/MemMang/heap_4.o
 .bss.xStart    0x0000000020001898        0x8 Middlewares/Third_Party/FreeRTOS/Source/portable/MemMang/heap_4.o
 .bss.pxEnd     0x00000000200018a0        0x4 Middlewares/Third_Party/FreeRTOS/Source/portable/MemMang/heap_4.o
 .bss.xFreeBytesRemaining
                0x00000000200018a4        0x4 Middlewares/Third_Party/FreeRTOS/Source/portable/MemMang/heap_4.o
 .bss.xMinimumEverFreeBytesRemaining
                0x00000000200018a8        0x4 Middlewares/Third_Party/FreeRTOS/Source/portable/MemMang/heap_4.o
 .bss.xBlockAllocatedBit
                0x00000000200018ac        0x4 Middlewares/Third_Party/FreeRTOS/Source/portable/MemMang/heap_4.o
 .bss.pxCurrentTCB
                0x00000000200018b0        0x4 Middlewares/Third_Party/FreeRTOS/Source/tasks.o
                0x00000000200018b0                pxCurrentTCB
 .bss.pxReadyTasksLists
                0x00000000200018b4       0x8c Middlewares/Third_Party/FreeRTOS/Source/tasks.o
 .bss.xDelayedTaskList1
                0x0000000020001940       0x14 Middlewares/Third_Party/FreeRTOS/Source/tasks.o
 .bss.xDelayedTaskList2
                0x0000000020001954       0x14 Middlewares/Third_Party/FreeRTOS/Source/tasks.o
 .bss.pxDelayedTaskList
                0x0000000020001968        0x4 Middlewares/Third_Party/FreeRTOS/Source/tasks.o
 .bss.pxOverflowDelayedTaskList
                0x000000002000196c        0x4 Middlewares/Third_Party/FreeRTOS/Source/tasks.o
 .bss.xPendingReadyList
                0x0000000020001970       0x14 Middlewares/Third_Party/FreeRTOS/Source/tasks.o
 .bss.xTasksWaitingTermination
                0x0000000020001984       0x14 Middlewares/Third_Party/FreeRTOS/Source/tasks.o
 .bss.uxDeletedTasksWaitingCleanUp
                0x0000000020001998        0x4 Middlewares/Third_Party/FreeRTOS/Source/tasks.o
 .bss.xSuspendedTaskList
                0x000000002000199c       0x14 Middlewares/Third_Party/FreeRTOS/Source/tasks.o
 .bss.uxCurrentNumberOfTasks
                0x00000000200019b0        0x4 Middlewares/Third_Party/FreeRTOS/Source/tasks.o
 .bss.xTickCount
                0x00000000200019b4        0x4 Middlewares/Third_Party/FreeRTOS/Source/tasks.o
 .bss.uxTopReadyPriority
                0x00000000200019b8        0x4 Middlewares/Third_Party/FreeRTOS/Source/tasks.o
 .bss.xSchedulerRunning
                0x00000000200019bc        0x4 Middlewares/Third_Party/FreeRTOS/Source/tasks.o
 .bss.uxPendedTicks
                0x00000000200019c0        0x4 Middlewares/Third_Party/FreeRTOS/Source/tasks.o
 .bss.xYieldPending
                0x00000000200019c4        0x4 Middlewares/Third_Party/FreeRTOS/Source/tasks.o
 .bss.xNumOfOverflows
                0x00000000200019c8        0x4 Middlewares/Third_Party/FreeRTOS/Source/tasks.o
 .bss.uxTaskNumber
                0x00000000200019cc        0x4 Middlewares/Third_Party/FreeRTOS/Source/tasks.o
 .bss.xNextTaskUnblockTime
                0x00000000200019d0        0x4 Middlewares/Third_Party/FreeRTOS/Source/tasks.o
 .bss.xIdleTaskHandle
                0x00000000200019d4        0x4 Middlewares/Third_Party/FreeRTOS/Source/tasks.o
 .bss.uxSchedulerSuspended
                0x00000000200019d8        0x4 Middlewares/Third_Party/FreeRTOS/Source/tasks.o
 .bss.m1Dir     0x00000000200019dc        0x1 Src/main.o
                0x00000000200019dc                m1Dir
 .bss.m2Dir     0x00000000200019dd        0x1 Src/main.o
                0x00000000200019dd                m2Dir
 .bss.errorMot  0x00000000200019de        0x1 Src/motors.o
                0x00000000200019de                errorMot
 *(COMMON)
 *fill*         0x00000000200019df        0x1 
 COMMON         0x00000000200019e0        0x4 Drivers/STM32F3xx_HAL_Driver/Src/stm32f3xx_hal.o
                0x00000000200019e0                uwTick
 COMMON         0x00000000200019e4        0xc Src/freertos.o
                0x00000000200019e4                adc5
                0x00000000200019e6                adc1
                0x00000000200019e8                adc2
                0x00000000200019ea                adc0
                0x00000000200019ec                adc4
                0x00000000200019ee                adc3
 COMMON         0x00000000200019f0      0x120 Src/main.o
                0x00000000200019f0                defaultTaskHandle
                0x00000000200019f4                motor1TaskHandle
                0x00000000200019f8                htim3
                0x0000000020001a38                hadc1
                0x0000000020001a8c                ADCTaskHandle
                0x0000000020001a90                backupTask1Handle
                0x0000000020001a94                controlTaskHandle
                0x0000000020001a98                huart2
                0x0000000020001b08                motor0TaskHandle
                0x0000000020001b0c                backupTask0Handle
 COMMON         0x0000000020001b10       0x40 Src/stm32f3xx_hal_timebase_tim.o
                0x0000000020001b10                htim1
                0x0000000020001b50                . = ALIGN (0x4)
                0x0000000020001b50                _ebss = .
                0x0000000020001b50                __bss_end__ = _ebss

._user_heap_stack
                0x0000000020001b50      0x600
                0x0000000020001b50                . = ALIGN (0x4)
                0x0000000020001b50                PROVIDE (end, .)
                [!provide]                        PROVIDE (_end, .)
                0x0000000020001d50                . = (. + _Min_Heap_Size)
 *fill*         0x0000000020001b50      0x200 
                0x0000000020002150                . = (. + _Min_Stack_Size)
 *fill*         0x0000000020001d50      0x400 
                0x0000000020002150                . = ALIGN (0x4)

/DISCARD/
 libc.a(*)
 libm.a(*)
 libgcc.a(*)

.ARM.attributes
                0x0000000000000000       0x30
 *(.ARM.attributes)
 .ARM.attributes
                0x0000000000000000       0x22 /opt/Atollic_TrueSTUDIO_for_STM32_x86_64_9.3.0/ARMTools/bin/../lib/gcc/arm-atollic-eabi/6.3.1/armv7e-m/fpu/crti.o
 .ARM.attributes
                0x0000000000000022       0x34 /opt/Atollic_TrueSTUDIO_for_STM32_x86_64_9.3.0/ARMTools/bin/../lib/gcc/arm-atollic-eabi/6.3.1/armv7e-m/fpu/crtbegin.o
 .ARM.attributes
                0x0000000000000056       0x39 Drivers/STM32F3xx_HAL_Driver/Src/stm32f3xx_hal.o
 .ARM.attributes
                0x000000000000008f       0x39 Drivers/STM32F3xx_HAL_Driver/Src/stm32f3xx_hal_adc_ex.o
 .ARM.attributes
                0x00000000000000c8       0x39 Drivers/STM32F3xx_HAL_Driver/Src/stm32f3xx_hal_cortex.o
 .ARM.attributes
                0x0000000000000101       0x39 Drivers/STM32F3xx_HAL_Driver/Src/stm32f3xx_hal_gpio.o
 .ARM.attributes
                0x000000000000013a       0x39 Drivers/STM32F3xx_HAL_Driver/Src/stm32f3xx_hal_rcc.o
 .ARM.attributes
                0x0000000000000173       0x39 Drivers/STM32F3xx_HAL_Driver/Src/stm32f3xx_hal_rcc_ex.o
 .ARM.attributes
                0x00000000000001ac       0x39 Drivers/STM32F3xx_HAL_Driver/Src/stm32f3xx_hal_tim.o
 .ARM.attributes
                0x00000000000001e5       0x39 Drivers/STM32F3xx_HAL_Driver/Src/stm32f3xx_hal_tim_ex.o
 .ARM.attributes
                0x000000000000021e       0x39 Drivers/STM32F3xx_HAL_Driver/Src/stm32f3xx_hal_uart.o
 .ARM.attributes
                0x0000000000000257       0x39 Middlewares/Third_Party/FreeRTOS/Source/CMSIS_RTOS/cmsis_os.o
 .ARM.attributes
                0x0000000000000290       0x39 Middlewares/Third_Party/FreeRTOS/Source/list.o
 .ARM.attributes
                0x00000000000002c9       0x39 Middlewares/Third_Party/FreeRTOS/Source/portable/GCC/ARM_CM4F/port.o
 .ARM.attributes
                0x0000000000000302       0x39 Middlewares/Third_Party/FreeRTOS/Source/portable/MemMang/heap_4.o
 .ARM.attributes
                0x000000000000033b       0x39 Middlewares/Third_Party/FreeRTOS/Source/tasks.o
 .ARM.attributes
                0x0000000000000374       0x39 Src/freertos.o
 .ARM.attributes
                0x00000000000003ad       0x39 Src/main.o
 .ARM.attributes
                0x00000000000003e6       0x39 Src/motors.o
 .ARM.attributes
                0x000000000000041f       0x39 Src/stm32f3xx_hal_msp.o
 .ARM.attributes
                0x0000000000000458       0x39 Src/stm32f3xx_hal_timebase_tim.o
 .ARM.attributes
                0x0000000000000491       0x39 Src/stm32f3xx_it.o
 .ARM.attributes
                0x00000000000004ca       0x39 Src/system_stm32f3xx.o
 .ARM.attributes
                0x0000000000000503       0x21 startup/startup_stm32f303xe.o
 .ARM.attributes
                0x0000000000000524       0x34 /opt/Atollic_TrueSTUDIO_for_STM32_x86_64_9.3.0/ARMTools/bin/../lib/gcc/arm-atollic-eabi/6.3.1/../../../../arm-atollic-eabi/lib/armv7e-m/fpu/libc_nano.a(lib_a-init.o)
 .ARM.attributes
                0x0000000000000558       0x34 /opt/Atollic_TrueSTUDIO_for_STM32_x86_64_9.3.0/ARMTools/bin/../lib/gcc/arm-atollic-eabi/6.3.1/../../../../arm-atollic-eabi/lib/armv7e-m/fpu/libc_nano.a(lib_a-memset.o)
 .ARM.attributes
                0x000000000000058c       0x22 /opt/Atollic_TrueSTUDIO_for_STM32_x86_64_9.3.0/ARMTools/bin/../lib/gcc/arm-atollic-eabi/6.3.1/armv7e-m/fpu/crtn.o
OUTPUT(Nucleo.elf elf32-littlearm)

.debug_info     0x0000000000000000    0x1bce5
 .debug_info    0x0000000000000000     0x1015 Drivers/STM32F3xx_HAL_Driver/Src/stm32f3xx_hal.o
 .debug_info    0x0000000000001015     0x1d76 Drivers/STM32F3xx_HAL_Driver/Src/stm32f3xx_hal_adc_ex.o
 .debug_info    0x0000000000002d8b     0x15ce Drivers/STM32F3xx_HAL_Driver/Src/stm32f3xx_hal_cortex.o
 .debug_info    0x0000000000004359      0xfde Drivers/STM32F3xx_HAL_Driver/Src/stm32f3xx_hal_gpio.o
 .debug_info    0x0000000000005337     0x1ffc Drivers/STM32F3xx_HAL_Driver/Src/stm32f3xx_hal_rcc.o
 .debug_info    0x0000000000007333      0xf23 Drivers/STM32F3xx_HAL_Driver/Src/stm32f3xx_hal_rcc_ex.o
 .debug_info    0x0000000000008256     0x2b21 Drivers/STM32F3xx_HAL_Driver/Src/stm32f3xx_hal_tim.o
 .debug_info    0x000000000000ad77     0x1b00 Drivers/STM32F3xx_HAL_Driver/Src/stm32f3xx_hal_tim_ex.o
 .debug_info    0x000000000000c877     0x1c9a Drivers/STM32F3xx_HAL_Driver/Src/stm32f3xx_hal_uart.o
 .debug_info    0x000000000000e511     0x1af1 Middlewares/Third_Party/FreeRTOS/Source/CMSIS_RTOS/cmsis_os.o
 .debug_info    0x0000000000010002      0xac3 Middlewares/Third_Party/FreeRTOS/Source/list.o
 .debug_info    0x0000000000010ac5      0x50b Middlewares/Third_Party/FreeRTOS/Source/portable/GCC/ARM_CM4F/port.o
 .debug_info    0x0000000000010fd0      0xbed Middlewares/Third_Party/FreeRTOS/Source/portable/MemMang/heap_4.o
 .debug_info    0x0000000000011bbd     0x20b5 Middlewares/Third_Party/FreeRTOS/Source/tasks.o
 .debug_info    0x0000000000013c72      0x9fc Src/freertos.o
 .debug_info    0x000000000001466e     0x2152 Src/main.o
 .debug_info    0x00000000000167c0      0xc35 Src/motors.o
 .debug_info    0x00000000000173f5     0x1ae1 Src/stm32f3xx_hal_msp.o
 .debug_info    0x0000000000018ed6     0x1211 Src/stm32f3xx_hal_timebase_tim.o
 .debug_info    0x000000000001a0e7      0xf24 Src/stm32f3xx_it.o
 .debug_info    0x000000000001b00b      0xc70 Src/system_stm32f3xx.o
 .debug_info    0x000000000001bc7b       0x6a startup/startup_stm32f303xe.o

.debug_abbrev   0x0000000000000000     0x3408
 .debug_abbrev  0x0000000000000000      0x27e Drivers/STM32F3xx_HAL_Driver/Src/stm32f3xx_hal.o
 .debug_abbrev  0x000000000000027e      0x282 Drivers/STM32F3xx_HAL_Driver/Src/stm32f3xx_hal_adc_ex.o
 .debug_abbrev  0x0000000000000500      0x33d Drivers/STM32F3xx_HAL_Driver/Src/stm32f3xx_hal_cortex.o
 .debug_abbrev  0x000000000000083d      0x24c Drivers/STM32F3xx_HAL_Driver/Src/stm32f3xx_hal_gpio.o
 .debug_abbrev  0x0000000000000a89      0x30f Drivers/STM32F3xx_HAL_Driver/Src/stm32f3xx_hal_rcc.o
 .debug_abbrev  0x0000000000000d98      0x2c7 Drivers/STM32F3xx_HAL_Driver/Src/stm32f3xx_hal_rcc_ex.o
 .debug_abbrev  0x000000000000105f      0x2ab Drivers/STM32F3xx_HAL_Driver/Src/stm32f3xx_hal_tim.o
 .debug_abbrev  0x000000000000130a      0x288 Drivers/STM32F3xx_HAL_Driver/Src/stm32f3xx_hal_tim_ex.o
 .debug_abbrev  0x0000000000001592      0x271 Drivers/STM32F3xx_HAL_Driver/Src/stm32f3xx_hal_uart.o
 .debug_abbrev  0x0000000000001803      0x383 Middlewares/Third_Party/FreeRTOS/Source/CMSIS_RTOS/cmsis_os.o
 .debug_abbrev  0x0000000000001b86      0x1c5 Middlewares/Third_Party/FreeRTOS/Source/list.o
 .debug_abbrev  0x0000000000001d4b      0x1d5 Middlewares/Third_Party/FreeRTOS/Source/portable/GCC/ARM_CM4F/port.o
 .debug_abbrev  0x0000000000001f20      0x29b Middlewares/Third_Party/FreeRTOS/Source/portable/MemMang/heap_4.o
 .debug_abbrev  0x00000000000021bb      0x351 Middlewares/Third_Party/FreeRTOS/Source/tasks.o
 .debug_abbrev  0x000000000000250c      0x185 Src/freertos.o
 .debug_abbrev  0x0000000000002691      0x331 Src/main.o
 .debug_abbrev  0x00000000000029c2      0x212 Src/motors.o
 .debug_abbrev  0x0000000000002bd4      0x264 Src/stm32f3xx_hal_msp.o
 .debug_abbrev  0x0000000000002e38      0x207 Src/stm32f3xx_hal_timebase_tim.o
 .debug_abbrev  0x000000000000303f      0x1d5 Src/stm32f3xx_it.o
 .debug_abbrev  0x0000000000003214      0x1e2 Src/system_stm32f3xx.o
 .debug_abbrev  0x00000000000033f6       0x12 startup/startup_stm32f303xe.o

.debug_aranges  0x0000000000000000     0x1210
 .debug_aranges
                0x0000000000000000       0xe0 Drivers/STM32F3xx_HAL_Driver/Src/stm32f3xx_hal.o
 .debug_aranges
                0x00000000000000e0      0x168 Drivers/STM32F3xx_HAL_Driver/Src/stm32f3xx_hal_adc_ex.o
 .debug_aranges
                0x0000000000000248      0x118 Drivers/STM32F3xx_HAL_Driver/Src/stm32f3xx_hal_cortex.o
 .debug_aranges
                0x0000000000000360       0x58 Drivers/STM32F3xx_HAL_Driver/Src/stm32f3xx_hal_gpio.o
 .debug_aranges
                0x00000000000003b8       0x88 Drivers/STM32F3xx_HAL_Driver/Src/stm32f3xx_hal_rcc.o
 .debug_aranges
                0x0000000000000440       0x38 Drivers/STM32F3xx_HAL_Driver/Src/stm32f3xx_hal_rcc_ex.o
 .debug_aranges
                0x0000000000000478      0x378 Drivers/STM32F3xx_HAL_Driver/Src/stm32f3xx_hal_tim.o
 .debug_aranges
                0x00000000000007f0      0x178 Drivers/STM32F3xx_HAL_Driver/Src/stm32f3xx_hal_tim_ex.o
 .debug_aranges
                0x0000000000000968      0x1f0 Drivers/STM32F3xx_HAL_Driver/Src/stm32f3xx_hal_uart.o
 .debug_aranges
                0x0000000000000b58      0x1d8 Middlewares/Third_Party/FreeRTOS/Source/CMSIS_RTOS/cmsis_os.o
 .debug_aranges
                0x0000000000000d30       0x40 Middlewares/Third_Party/FreeRTOS/Source/list.o
 .debug_aranges
                0x0000000000000d70       0x80 Middlewares/Third_Party/FreeRTOS/Source/portable/GCC/ARM_CM4F/port.o
 .debug_aranges
                0x0000000000000df0       0x50 Middlewares/Third_Party/FreeRTOS/Source/portable/MemMang/heap_4.o
 .debug_aranges
                0x0000000000000e40      0x190 Middlewares/Third_Party/FreeRTOS/Source/tasks.o
 .debug_aranges
                0x0000000000000fd0       0x18 Src/freertos.o
 .debug_aranges
                0x0000000000000fe8       0xb8 Src/main.o
 .debug_aranges
                0x00000000000010a0       0x48 Src/motors.o
 .debug_aranges
                0x00000000000010e8       0x58 Src/stm32f3xx_hal_msp.o
 .debug_aranges
                0x0000000000001140       0x30 Src/stm32f3xx_hal_timebase_tim.o
 .debug_aranges
                0x0000000000001170       0x50 Src/stm32f3xx_it.o
 .debug_aranges
                0x00000000000011c0       0x28 Src/system_stm32f3xx.o
 .debug_aranges
                0x00000000000011e8       0x28 startup/startup_stm32f303xe.o

.debug_ranges   0x0000000000000000     0x10b0
 .debug_ranges  0x0000000000000000       0xd0 Drivers/STM32F3xx_HAL_Driver/Src/stm32f3xx_hal.o
 .debug_ranges  0x00000000000000d0      0x158 Drivers/STM32F3xx_HAL_Driver/Src/stm32f3xx_hal_adc_ex.o
 .debug_ranges  0x0000000000000228      0x108 Drivers/STM32F3xx_HAL_Driver/Src/stm32f3xx_hal_cortex.o
 .debug_ranges  0x0000000000000330       0x48 Drivers/STM32F3xx_HAL_Driver/Src/stm32f3xx_hal_gpio.o
 .debug_ranges  0x0000000000000378       0x78 Drivers/STM32F3xx_HAL_Driver/Src/stm32f3xx_hal_rcc.o
 .debug_ranges  0x00000000000003f0       0x28 Drivers/STM32F3xx_HAL_Driver/Src/stm32f3xx_hal_rcc_ex.o
 .debug_ranges  0x0000000000000418      0x368 Drivers/STM32F3xx_HAL_Driver/Src/stm32f3xx_hal_tim.o
 .debug_ranges  0x0000000000000780      0x168 Drivers/STM32F3xx_HAL_Driver/Src/stm32f3xx_hal_tim_ex.o
 .debug_ranges  0x00000000000008e8      0x1e0 Drivers/STM32F3xx_HAL_Driver/Src/stm32f3xx_hal_uart.o
 .debug_ranges  0x0000000000000ac8      0x1c8 Middlewares/Third_Party/FreeRTOS/Source/CMSIS_RTOS/cmsis_os.o
 .debug_ranges  0x0000000000000c90       0x30 Middlewares/Third_Party/FreeRTOS/Source/list.o
 .debug_ranges  0x0000000000000cc0       0x70 Middlewares/Third_Party/FreeRTOS/Source/portable/GCC/ARM_CM4F/port.o
 .debug_ranges  0x0000000000000d30       0x40 Middlewares/Third_Party/FreeRTOS/Source/portable/MemMang/heap_4.o
 .debug_ranges  0x0000000000000d70      0x180 Middlewares/Third_Party/FreeRTOS/Source/tasks.o
 .debug_ranges  0x0000000000000ef0       0xa8 Src/main.o
 .debug_ranges  0x0000000000000f98       0x38 Src/motors.o
 .debug_ranges  0x0000000000000fd0       0x48 Src/stm32f3xx_hal_msp.o
 .debug_ranges  0x0000000000001018       0x20 Src/stm32f3xx_hal_timebase_tim.o
 .debug_ranges  0x0000000000001038       0x40 Src/stm32f3xx_it.o
 .debug_ranges  0x0000000000001078       0x18 Src/system_stm32f3xx.o
 .debug_ranges  0x0000000000001090       0x20 startup/startup_stm32f303xe.o

.debug_line     0x0000000000000000     0x9b72
 .debug_line    0x0000000000000000      0x459 Drivers/STM32F3xx_HAL_Driver/Src/stm32f3xx_hal.o
 .debug_line    0x0000000000000459     0x1602 Drivers/STM32F3xx_HAL_Driver/Src/stm32f3xx_hal_adc_ex.o
 .debug_line    0x0000000000001a5b      0x5a2 Drivers/STM32F3xx_HAL_Driver/Src/stm32f3xx_hal_cortex.o
 .debug_line    0x0000000000001ffd      0x45f Drivers/STM32F3xx_HAL_Driver/Src/stm32f3xx_hal_gpio.o
 .debug_line    0x000000000000245c      0xa00 Drivers/STM32F3xx_HAL_Driver/Src/stm32f3xx_hal_rcc.o
 .debug_line    0x0000000000002e5c      0x633 Drivers/STM32F3xx_HAL_Driver/Src/stm32f3xx_hal_rcc_ex.o
 .debug_line    0x000000000000348f     0x15dd Drivers/STM32F3xx_HAL_Driver/Src/stm32f3xx_hal_tim.o
 .debug_line    0x0000000000004a6c      0xa3b Drivers/STM32F3xx_HAL_Driver/Src/stm32f3xx_hal_tim_ex.o
 .debug_line    0x00000000000054a7      0xd1d Drivers/STM32F3xx_HAL_Driver/Src/stm32f3xx_hal_uart.o
 .debug_line    0x00000000000061c4      0x8fb Middlewares/Third_Party/FreeRTOS/Source/CMSIS_RTOS/cmsis_os.o
 .debug_line    0x0000000000006abf      0x338 Middlewares/Third_Party/FreeRTOS/Source/list.o
 .debug_line    0x0000000000006df7      0x3a2 Middlewares/Third_Party/FreeRTOS/Source/portable/GCC/ARM_CM4F/port.o
 .debug_line    0x0000000000007199      0x3d5 Middlewares/Third_Party/FreeRTOS/Source/portable/MemMang/heap_4.o
 .debug_line    0x000000000000756e      0xcfd Middlewares/Third_Party/FreeRTOS/Source/tasks.o
 .debug_line    0x000000000000826b      0x23e Src/freertos.o
 .debug_line    0x00000000000084a9      0x6e8 Src/main.o
 .debug_line    0x0000000000008b91      0x300 Src/motors.o
 .debug_line    0x0000000000008e91      0x3bf Src/stm32f3xx_hal_msp.o
 .debug_line    0x0000000000009250      0x2f5 Src/stm32f3xx_hal_timebase_tim.o
 .debug_line    0x0000000000009545      0x321 Src/stm32f3xx_it.o
 .debug_line    0x0000000000009866      0x28d Src/system_stm32f3xx.o
 .debug_line    0x0000000000009af3       0x7f startup/startup_stm32f303xe.o

.debug_str      0x0000000000000000     0x5f9d
 .debug_str     0x0000000000000000      0xd9e Drivers/STM32F3xx_HAL_Driver/Src/stm32f3xx_hal.o
                                        0xe44 (size before relaxing)
 .debug_str     0x0000000000000d9e      0xb64 Drivers/STM32F3xx_HAL_Driver/Src/stm32f3xx_hal_adc_ex.o
                                       0x1315 (size before relaxing)
 .debug_str     0x0000000000001902      0x3f3 Drivers/STM32F3xx_HAL_Driver/Src/stm32f3xx_hal_cortex.o
                                       0x10a7 (size before relaxing)
 .debug_str     0x0000000000001cf5      0x210 Drivers/STM32F3xx_HAL_Driver/Src/stm32f3xx_hal_gpio.o
                                        0x9bf (size before relaxing)
 .debug_str     0x0000000000001f05      0x2fe Drivers/STM32F3xx_HAL_Driver/Src/stm32f3xx_hal_rcc.o
                                        0xaf7 (size before relaxing)
 .debug_str     0x0000000000002203      0x2b9 Drivers/STM32F3xx_HAL_Driver/Src/stm32f3xx_hal_rcc_ex.o
                                        0xa64 (size before relaxing)
 .debug_str     0x00000000000024bc      0xf1c Drivers/STM32F3xx_HAL_Driver/Src/stm32f3xx_hal_tim.o
                                       0x1855 (size before relaxing)
 .debug_str     0x00000000000033d8      0x5f2 Drivers/STM32F3xx_HAL_Driver/Src/stm32f3xx_hal_tim_ex.o
                                       0x125c (size before relaxing)
 .debug_str     0x00000000000039ca      0x90c Drivers/STM32F3xx_HAL_Driver/Src/stm32f3xx_hal_uart.o
                                       0x12a3 (size before relaxing)
 .debug_str     0x00000000000042d6      0x8ad Middlewares/Third_Party/FreeRTOS/Source/CMSIS_RTOS/cmsis_os.o
                                        0xf6b (size before relaxing)
 .debug_str     0x0000000000004b83      0x159 Middlewares/Third_Party/FreeRTOS/Source/list.o
                                        0x745 (size before relaxing)
 .debug_str     0x0000000000004cdc      0x240 Middlewares/Third_Party/FreeRTOS/Source/portable/GCC/ARM_CM4F/port.o
                                        0x45d (size before relaxing)
 .debug_str     0x0000000000004f1c      0x1ff Middlewares/Third_Party/FreeRTOS/Source/portable/MemMang/heap_4.o
                                        0x80f (size before relaxing)
 .debug_str     0x000000000000511b      0x98e Middlewares/Third_Party/FreeRTOS/Source/tasks.o
                                       0x115d (size before relaxing)
 .debug_str     0x0000000000005aa9       0x2b Src/freertos.o
                                        0x6dc (size before relaxing)
 .debug_str     0x0000000000005ad4      0x2cd Src/main.o
                                       0x1871 (size before relaxing)
 .debug_str     0x0000000000005da1       0x6e Src/motors.o
                                        0x7ec (size before relaxing)
 .debug_str     0x0000000000005e0f       0x5a Src/stm32f3xx_hal_msp.o
                                       0x155c (size before relaxing)
 .debug_str     0x0000000000005e69       0x50 Src/stm32f3xx_hal_timebase_tim.o
                                       0x1072 (size before relaxing)
 .debug_str     0x0000000000005eb9       0x94 Src/stm32f3xx_it.o
                                        0xb26 (size before relaxing)
 .debug_str     0x0000000000005f4d       0x50 Src/system_stm32f3xx.o
                                        0x7a3 (size before relaxing)

.comment        0x0000000000000000       0x7c
 .comment       0x0000000000000000       0x7c Drivers/STM32F3xx_HAL_Driver/Src/stm32f3xx_hal.o
                                         0x7d (size before relaxing)
 .comment       0x000000000000007c       0x7d Drivers/STM32F3xx_HAL_Driver/Src/stm32f3xx_hal_adc_ex.o
 .comment       0x000000000000007c       0x7d Drivers/STM32F3xx_HAL_Driver/Src/stm32f3xx_hal_cortex.o
 .comment       0x000000000000007c       0x7d Drivers/STM32F3xx_HAL_Driver/Src/stm32f3xx_hal_gpio.o
 .comment       0x000000000000007c       0x7d Drivers/STM32F3xx_HAL_Driver/Src/stm32f3xx_hal_rcc.o
 .comment       0x000000000000007c       0x7d Drivers/STM32F3xx_HAL_Driver/Src/stm32f3xx_hal_rcc_ex.o
 .comment       0x000000000000007c       0x7d Drivers/STM32F3xx_HAL_Driver/Src/stm32f3xx_hal_tim.o
 .comment       0x000000000000007c       0x7d Drivers/STM32F3xx_HAL_Driver/Src/stm32f3xx_hal_tim_ex.o
 .comment       0x000000000000007c       0x7d Drivers/STM32F3xx_HAL_Driver/Src/stm32f3xx_hal_uart.o
 .comment       0x000000000000007c       0x7d Middlewares/Third_Party/FreeRTOS/Source/CMSIS_RTOS/cmsis_os.o
 .comment       0x000000000000007c       0x7d Middlewares/Third_Party/FreeRTOS/Source/list.o
 .comment       0x000000000000007c       0x7d Middlewares/Third_Party/FreeRTOS/Source/portable/GCC/ARM_CM4F/port.o
 .comment       0x000000000000007c       0x7d Middlewares/Third_Party/FreeRTOS/Source/portable/MemMang/heap_4.o
 .comment       0x000000000000007c       0x7d Middlewares/Third_Party/FreeRTOS/Source/tasks.o
 .comment       0x000000000000007c       0x7d Src/freertos.o
 .comment       0x000000000000007c       0x7d Src/main.o
 .comment       0x000000000000007c       0x7d Src/motors.o
 .comment       0x000000000000007c       0x7d Src/stm32f3xx_hal_msp.o
 .comment       0x000000000000007c       0x7d Src/stm32f3xx_hal_timebase_tim.o
 .comment       0x000000000000007c       0x7d Src/stm32f3xx_it.o
 .comment       0x000000000000007c       0x7d Src/system_stm32f3xx.o

.debug_frame    0x0000000000000000     0x4a40
 .debug_frame   0x0000000000000000      0x334 Drivers/STM32F3xx_HAL_Driver/Src/stm32f3xx_hal.o
 .debug_frame   0x0000000000000334      0x64c Drivers/STM32F3xx_HAL_Driver/Src/stm32f3xx_hal_adc_ex.o
 .debug_frame   0x0000000000000980      0x498 Drivers/STM32F3xx_HAL_Driver/Src/stm32f3xx_hal_cortex.o
 .debug_frame   0x0000000000000e18      0x14c Drivers/STM32F3xx_HAL_Driver/Src/stm32f3xx_hal_gpio.o
 .debug_frame   0x0000000000000f64      0x214 Drivers/STM32F3xx_HAL_Driver/Src/stm32f3xx_hal_rcc.o
 .debug_frame   0x0000000000001178       0xb4 Drivers/STM32F3xx_HAL_Driver/Src/stm32f3xx_hal_rcc_ex.o
 .debug_frame   0x000000000000122c      0xffc Drivers/STM32F3xx_HAL_Driver/Src/stm32f3xx_hal_tim.o
 .debug_frame   0x0000000000002228      0x688 Drivers/STM32F3xx_HAL_Driver/Src/stm32f3xx_hal_tim_ex.o
 .debug_frame   0x00000000000028b0      0x8d4 Drivers/STM32F3xx_HAL_Driver/Src/stm32f3xx_hal_uart.o
 .debug_frame   0x0000000000003184      0x808 Middlewares/Third_Party/FreeRTOS/Source/CMSIS_RTOS/cmsis_os.o
 .debug_frame   0x000000000000398c       0xd8 Middlewares/Third_Party/FreeRTOS/Source/list.o
 .debug_frame   0x0000000000003a64      0x19c Middlewares/Third_Party/FreeRTOS/Source/portable/GCC/ARM_CM4F/port.o
 .debug_frame   0x0000000000003c00      0x108 Middlewares/Third_Party/FreeRTOS/Source/portable/MemMang/heap_4.o
 .debug_frame   0x0000000000003d08      0x6bc Middlewares/Third_Party/FreeRTOS/Source/tasks.o
 .debug_frame   0x00000000000043c4      0x2a8 Src/main.o
 .debug_frame   0x000000000000466c       0xb8 Src/motors.o
 .debug_frame   0x0000000000004724      0x138 Src/stm32f3xx_hal_msp.o
 .debug_frame   0x000000000000485c       0x74 Src/stm32f3xx_hal_timebase_tim.o
 .debug_frame   0x00000000000048d0       0xcc Src/stm32f3xx_it.o
 .debug_frame   0x000000000000499c       0x58 Src/system_stm32f3xx.o
 .debug_frame   0x00000000000049f4       0x2c /opt/Atollic_TrueSTUDIO_for_STM32_x86_64_9.3.0/ARMTools/bin/../lib/gcc/arm-atollic-eabi/6.3.1/../../../../arm-atollic-eabi/lib/armv7e-m/fpu/libc_nano.a(lib_a-init.o)
 .debug_frame   0x0000000000004a20       0x20 /opt/Atollic_TrueSTUDIO_for_STM32_x86_64_9.3.0/ARMTools/bin/../lib/gcc/arm-atollic-eabi/6.3.1/../../../../arm-atollic-eabi/lib/armv7e-m/fpu/libc_nano.a(lib_a-memset.o)
