Archive member included to satisfy reference by file (symbol)

/opt/Atollic_TrueSTUDIO_for_STM32_x86_64_9.3.0/ARMTools/bin/../lib/gcc/arm-atollic-eabi/6.3.1/../../../../arm-atollic-eabi/lib/armv7e-m/fpu/libc_nano.a(lib_a-errno.o)
                              Src/syscalls.o (__errno)
/opt/Atollic_TrueSTUDIO_for_STM32_x86_64_9.3.0/ARMTools/bin/../lib/gcc/arm-atollic-eabi/6.3.1/../../../../arm-atollic-eabi/lib/armv7e-m/fpu/libc_nano.a(lib_a-impure.o)
                              /opt/Atollic_TrueSTUDIO_for_STM32_x86_64_9.3.0/ARMTools/bin/../lib/gcc/arm-atollic-eabi/6.3.1/../../../../arm-atollic-eabi/lib/armv7e-m/fpu/libc_nano.a(lib_a-errno.o) (_impure_ptr)
/opt/Atollic_TrueSTUDIO_for_STM32_x86_64_9.3.0/ARMTools/bin/../lib/gcc/arm-atollic-eabi/6.3.1/../../../../arm-atollic-eabi/lib/armv7e-m/fpu/libc_nano.a(lib_a-init.o)
                              startup/startup_stm32f303xe.o (__libc_init_array)
/opt/Atollic_TrueSTUDIO_for_STM32_x86_64_9.3.0/ARMTools/bin/../lib/gcc/arm-atollic-eabi/6.3.1/../../../../arm-atollic-eabi/lib/armv7e-m/fpu/libc_nano.a(lib_a-memcpy-stub.o)
                              Middlewares/Third_Party/FreeRTOS/Source/queue.o (memcpy)
/opt/Atollic_TrueSTUDIO_for_STM32_x86_64_9.3.0/ARMTools/bin/../lib/gcc/arm-atollic-eabi/6.3.1/../../../../arm-atollic-eabi/lib/armv7e-m/fpu/libc_nano.a(lib_a-memset.o)
                              Middlewares/Third_Party/FreeRTOS/Source/CMSIS_RTOS/cmsis_os.o (memset)

Allocating common symbols
Common symbol       size              file

defaultTaskHandle   0x4               Src/main.o
motor1TaskHandle    0x4               Src/main.o
htim4               0x40              Src/main.o
VzdTaskHandle       0x4               Src/main.o
htim17              0x40              Src/main.o
uwTick              0x4               Drivers/STM32F3xx_HAL_Driver/Src/stm32f3xx_hal.o
xQueueRegistry      0x40              Middlewares/Third_Party/FreeRTOS/Source/queue.o
pFlash              0x20              Drivers/STM32F3xx_HAL_Driver/Src/stm32f3xx_hal_flash.o
htim3               0x40              Src/main.o
EncoTaskHandle      0x4               Src/main.o
backupTask1Handle   0x4               Src/main.o
htim1               0x40              Src/stm32f3xx_hal_timebase_tim.o
controlTaskHandle   0x4               Src/main.o
htim2               0x40              Src/main.o
huart2              0x70              Src/main.o
motor0TaskHandle    0x4               Src/main.o

Discarded input sections

 .text          0x0000000000000000        0x0 /opt/Atollic_TrueSTUDIO_for_STM32_x86_64_9.3.0/ARMTools/bin/../lib/gcc/arm-atollic-eabi/6.3.1/armv7e-m/fpu/crti.o
 .data          0x0000000000000000        0x0 /opt/Atollic_TrueSTUDIO_for_STM32_x86_64_9.3.0/ARMTools/bin/../lib/gcc/arm-atollic-eabi/6.3.1/armv7e-m/fpu/crti.o
 .bss           0x0000000000000000        0x0 /opt/Atollic_TrueSTUDIO_for_STM32_x86_64_9.3.0/ARMTools/bin/../lib/gcc/arm-atollic-eabi/6.3.1/armv7e-m/fpu/crti.o
 .data          0x0000000000000000        0x4 /opt/Atollic_TrueSTUDIO_for_STM32_x86_64_9.3.0/ARMTools/bin/../lib/gcc/arm-atollic-eabi/6.3.1/armv7e-m/fpu/crtbegin.o
 .text          0x0000000000000000        0x0 Drivers/STM32F3xx_HAL_Driver/Src/stm32f3xx_hal.o
 .data          0x0000000000000000        0x0 Drivers/STM32F3xx_HAL_Driver/Src/stm32f3xx_hal.o
 .bss           0x0000000000000000        0x0 Drivers/STM32F3xx_HAL_Driver/Src/stm32f3xx_hal.o
 .data.uwTickPrio
                0x0000000000000000        0x4 Drivers/STM32F3xx_HAL_Driver/Src/stm32f3xx_hal.o
 .text.HAL_DeInit
                0x0000000000000000       0x3c Drivers/STM32F3xx_HAL_Driver/Src/stm32f3xx_hal.o
 .text.HAL_MspInit
                0x0000000000000000        0xe Drivers/STM32F3xx_HAL_Driver/Src/stm32f3xx_hal.o
 .text.HAL_MspDeInit
                0x0000000000000000        0xe Drivers/STM32F3xx_HAL_Driver/Src/stm32f3xx_hal.o
 .text.HAL_InitTick
                0x0000000000000000       0x60 Drivers/STM32F3xx_HAL_Driver/Src/stm32f3xx_hal.o
 .text.HAL_GetTickPrio
                0x0000000000000000       0x18 Drivers/STM32F3xx_HAL_Driver/Src/stm32f3xx_hal.o
 .text.HAL_SetTickFreq
                0x0000000000000000       0x40 Drivers/STM32F3xx_HAL_Driver/Src/stm32f3xx_hal.o
 .text.HAL_GetTickFreq
                0x0000000000000000       0x18 Drivers/STM32F3xx_HAL_Driver/Src/stm32f3xx_hal.o
 .text.HAL_Delay
                0x0000000000000000       0x44 Drivers/STM32F3xx_HAL_Driver/Src/stm32f3xx_hal.o
 .text.HAL_SuspendTick
                0x0000000000000000       0x20 Drivers/STM32F3xx_HAL_Driver/Src/stm32f3xx_hal.o
 .text.HAL_ResumeTick
                0x0000000000000000       0x20 Drivers/STM32F3xx_HAL_Driver/Src/stm32f3xx_hal.o
 .text.HAL_GetHalVersion
                0x0000000000000000       0x14 Drivers/STM32F3xx_HAL_Driver/Src/stm32f3xx_hal.o
 .text.HAL_GetREVID
                0x0000000000000000       0x18 Drivers/STM32F3xx_HAL_Driver/Src/stm32f3xx_hal.o
 .text.HAL_GetDEVID
[...]
Memory Configuration

Name             Origin             Length             Attributes
RAM              0x0000000020000000 0x0000000000010000 xrw
CCMRAM           0x0000000010000000 0x0000000000004000 rw
FLASH            0x0000000008000000 0x0000000000080000 xr
*default*        0x0000000000000000 0xffffffffffffffff

Linker script and memory map

LOAD /opt/Atollic_TrueSTUDIO_for_STM32_x86_64_9.3.0/ARMTools/bin/../lib/gcc/arm-atollic-eabi/6.3.1/armv7e-m/fpu/crti.o
LOAD /opt/Atollic_TrueSTUDIO_for_STM32_x86_64_9.3.0/ARMTools/bin/../lib/gcc/arm-atollic-eabi/6.3.1/armv7e-m/fpu/crtbegin.o
LOAD Drivers/STM32F3xx_HAL_Driver/Src/stm32f3xx_hal.o
LOAD Drivers/STM32F3xx_HAL_Driver/Src/stm32f3xx_hal_cortex.o
LOAD Drivers/STM32F3xx_HAL_Driver/Src/stm32f3xx_hal_dma.o
LOAD Drivers/STM32F3xx_HAL_Driver/Src/stm32f3xx_hal_flash.o
LOAD Drivers/STM32F3xx_HAL_Driver/Src/stm32f3xx_hal_flash_ex.o
LOAD Drivers/STM32F3xx_HAL_Driver/Src/stm32f3xx_hal_gpio.o
LOAD Drivers/STM32F3xx_HAL_Driver/Src/stm32f3xx_hal_i2c.o
LOAD Drivers/STM32F3xx_HAL_Driver/Src/stm32f3xx_hal_i2c_ex.o
LOAD Drivers/STM32F3xx_HAL_Driver/Src/stm32f3xx_hal_pwr.o
LOAD Drivers/STM32F3xx_HAL_Driver/Src/stm32f3xx_hal_pwr_ex.o
LOAD Drivers/STM32F3xx_HAL_Driver/Src/stm32f3xx_hal_rcc.o
LOAD Drivers/STM32F3xx_HAL_Driver/Src/stm32f3xx_hal_rcc_ex.o
LOAD Drivers/STM32F3xx_HAL_Driver/Src/stm32f3xx_hal_tim.o
LOAD Drivers/STM32F3xx_HAL_Driver/Src/stm32f3xx_hal_tim_ex.o
LOAD Drivers/STM32F3xx_HAL_Driver/Src/stm32f3xx_hal_uart.o
LOAD Drivers/STM32F3xx_HAL_Driver/Src/stm32f3xx_hal_uart_ex.o
LOAD Middlewares/Third_Party/FreeRTOS/Source/CMSIS_RTOS/cmsis_os.o
LOAD Middlewares/Third_Party/FreeRTOS/Source/croutine.o
LOAD Middlewares/Third_Party/FreeRTOS/Source/event_groups.o
LOAD Middlewares/Third_Party/FreeRTOS/Source/list.o
LOAD Middlewares/Third_Party/FreeRTOS/Source/portable/GCC/ARM_CM4F/port.o
LOAD Middlewares/Third_Party/FreeRTOS/Source/portable/MemMang/heap_4.o
LOAD Middlewares/Third_Party/FreeRTOS/Source/queue.o
LOAD Middlewares/Third_Party/FreeRTOS/Source/tasks.o
LOAD Middlewares/Third_Party/FreeRTOS/Source/timers.o
LOAD Src/freertos.o
LOAD Src/main.o
LOAD Src/motors.o
LOAD Src/stm32f3xx_hal_msp.o
LOAD Src/stm32f3xx_hal_timebase_tim.o
LOAD Src/stm32f3xx_it.o
LOAD Src/syscalls.o
LOAD Src/system_stm32f3xx.o
LOAD startup/startup_stm32f303xe.o
                0x0000000000000080                malloc_getpagesize_P = 0x80
START GROUP
LOAD /opt/Atollic_TrueSTUDIO_for_STM32_x86_64_9.3.0/ARMTools/bin/../lib/gcc/arm-atollic-eabi/6.3.1/../../../../arm-atollic-eabi/lib/armv7e-m/fpu/libc_nano.a
LOAD /opt/Atollic_TrueSTUDIO_for_STM32_x86_64_9.3.0/ARMTools/bin/../lib/gcc/arm-atollic-eabi/6.3.1/../../../../arm-atollic-eabi/lib/armv7e-m/fpu/libm.a
END GROUP
START GROUP
LOAD /opt/Atollic_TrueSTUDIO_for_STM32_x86_64_9.3.0/ARMTools/bin/../lib/gcc/arm-atollic-eabi/6.3.1/armv7e-m/fpu/libgcc.a
LOAD /opt/Atollic_TrueSTUDIO_for_STM32_x86_64_9.3.0/ARMTools/bin/../lib/gcc/arm-atollic-eabi/6.3.1/../../../../arm-atollic-eabi/lib/armv7e-m/fpu/libc_nano.a
END GROUP
START GROUP
LOAD /opt/Atollic_TrueSTUDIO_for_STM32_x86_64_9.3.0/ARMTools/bin/../lib/gcc/arm-atollic-eabi/6.3.1/armv7e-m/fpu/libgcc.a
LOAD /opt/Atollic_TrueSTUDIO_for_STM32_x86_64_9.3.0/ARMTools/bin/../lib/gcc/arm-atollic-eabi/6.3.1/../../../../arm-atollic-eabi/lib/armv7e-m/fpu/libc_nano.a
LOAD /opt/Atollic_TrueSTUDIO_for_STM32_x86_64_9.3.0/ARMTools/bin/../lib/gcc/arm-atollic-eabi/6.3.1/../../../../arm-atollic-eabi/lib/armv7e-m/fpu/libnosys.a
END GROUP
START GROUP
LOAD /opt/Atollic_TrueSTUDIO_for_STM32_x86_64_9.3.0/ARMTools/bin/../lib/gcc/arm-atollic-eabi/6.3.1/armv7e-m/fpu/libgcc.a
LOAD /opt/Atollic_TrueSTUDIO_for_STM32_x86_64_9.3.0/ARMTools/bin/../lib/gcc/arm-atollic-eabi/6.3.1/../../../../arm-atollic-eabi/lib/armv7e-m/fpu/libc_nano.a
LOAD /opt/Atollic_TrueSTUDIO_for_STM32_x86_64_9.3.0/ARMTools/bin/../lib/gcc/arm-atollic-eabi/6.3.1/../../../../arm-atollic-eabi/lib/armv7e-m/fpu/libnosys.a
END GROUP
LOAD /opt/Atollic_TrueSTUDIO_for_STM32_x86_64_9.3.0/ARMTools/bin/../lib/gcc/arm-atollic-eabi/6.3.1/armv7e-m/fpu/crtend.o
LOAD /opt/Atollic_TrueSTUDIO_for_STM32_x86_64_9.3.0/ARMTools/bin/../lib/gcc/arm-atollic-eabi/6.3.1/armv7e-m/fpu/crtn.o
                0x0000000020010000                _estack = 0x20010000
                0x0000000000000200                _Min_Heap_Size = 0x200
                0x0000000000000400                _Min_Stack_Size = 0x400

.isr_vector     0x0000000008000000      0x194
                0x0000000008000000                . = ALIGN (0x4)
 *(.isr_vector)
 .isr_vector    0x0000000008000000      0x194 startup/startup_stm32f303xe.o
                0x0000000008000000                g_pfnVectors
                0x0000000008000194                . = ALIGN (0x4)

.text           0x00000000080001a0     0x5620
                0x00000000080001a0                . = ALIGN (0x4)
 *(.text)
 .text          0x00000000080001a0       0x40 /opt/Atollic_TrueSTUDIO_for_STM32_x86_64_9.3.0/ARMTools/bin/../lib/gcc/arm-atollic-eabi/6.3.1/armv7e-m/fpu/crtbegin.o
 *(.text*)
 .text.HAL_Init
                0x00000000080001e0       0x2c Drivers/STM32F3xx_HAL_Driver/Src/stm32f3xx_hal.o
                0x00000000080001e0                HAL_Init
 .text.HAL_IncTick
                0x000000000800020c       0x28 Drivers/STM32F3xx_HAL_Driver/Src/stm32f3xx_hal.o
                0x000000000800020c                HAL_IncTick
 .text.HAL_GetTick
                0x0000000008000234       0x18 Drivers/STM32F3xx_HAL_Driver/Src/stm32f3xx_hal.o
                0x0000000008000234                HAL_GetTick
 .text.NVIC_SetPriorityGrouping
                0x000000000800024c       0x48 Drivers/STM32F3xx_HAL_Driver/Src/stm32f3xx_hal_cortex.o
 .text.NVIC_GetPriorityGrouping
                0x0000000008000294       0x1c Drivers/STM32F3xx_HAL_Driver/Src/stm32f3xx_hal_cortex.o
 .text.NVIC_EnableIRQ
                0x00000000080002b0       0x34 Drivers/STM32F3xx_HAL_Driver/Src/stm32f3xx_hal_cortex.o
 .text.NVIC_SetPriority
                0x00000000080002e4       0x54 Drivers/STM32F3xx_HAL_Driver/Src/stm32f3xx_hal_cortex.o
 .text.NVIC_EncodePriority
                0x0000000008000338       0x62 Drivers/STM32F3xx_HAL_Driver/Src/stm32f3xx_hal_cortex.o
 .text.HAL_NVIC_SetPriorityGrouping
                0x000000000800039a       0x16 Drivers/STM32F3xx_HAL_Driver/Src/stm32f3xx_hal_cortex.o
                0x000000000800039a                HAL_NVIC_SetPriorityGrouping
 .text.HAL_NVIC_SetPriority
                0x00000000080003b0       0x38 Drivers/STM32F3xx_HAL_Driver/Src/stm32f3xx_hal_cortex.o
                0x00000000080003b0                HAL_NVIC_SetPriority
 .text.HAL_NVIC_EnableIRQ
                0x00000000080003e8       0x1c Drivers/STM32F3xx_HAL_Driver/Src/stm32f3xx_hal_cortex.o
                0x00000000080003e8                HAL_NVIC_EnableIRQ
 .text.HAL_GPIO_Init
                0x0000000008000404      0x31c Drivers/STM32F3xx_HAL_Driver/Src/stm32f3xx_hal_gpio.o
                0x0000000008000404                HAL_GPIO_Init
 .text.HAL_GPIO_ReadPin
                0x0000000008000720       0x30 Drivers/STM32F3xx_HAL_Driver/Src/stm32f3xx_hal_gpio.o
                0x0000000008000720                HAL_GPIO_ReadPin
 .text.HAL_GPIO_WritePin
                0x0000000008000750       0x30 Drivers/STM32F3xx_HAL_Driver/Src/stm32f3xx_hal_gpio.o
                0x0000000008000750                HAL_GPIO_WritePin
 .text.HAL_RCC_OscConfig
                0x0000000008000780      0xddc Drivers/STM32F3xx_HAL_Driver/Src/stm32f3xx_hal_rcc.o
                0x0000000008000780                HAL_RCC_OscConfig
 .text.HAL_RCC_ClockConfig
                0x000000000800155c      0x2f8 Drivers/STM32F3xx_HAL_Driver/Src/stm32f3xx_hal_rcc.o
                0x000000000800155c                HAL_RCC_ClockConfig
 .text.HAL_RCC_GetSysClockFreq
                0x0000000008001854       0xd4 Drivers/STM32F3xx_HAL_Driver/Src/stm32f3xx_hal_rcc.o
                0x0000000008001854                HAL_RCC_GetSysClockFreq
 .text.HAL_RCC_GetHCLKFreq
                0x0000000008001928       0x18 Drivers/STM32F3xx_HAL_Driver/Src/stm32f3xx_hal_rcc.o
                0x0000000008001928                HAL_RCC_GetHCLKFreq
 .text.HAL_RCC_GetPCLK1Freq
                0x0000000008001940       0x44 Drivers/STM32F3xx_HAL_Driver/Src/stm32f3xx_hal_rcc.o
                0x0000000008001940                HAL_RCC_GetPCLK1Freq
 .text.HAL_RCC_GetPCLK2Freq
                0x0000000008001984       0x44 Drivers/STM32F3xx_HAL_Driver/Src/stm32f3xx_hal_rcc.o
                0x0000000008001984                HAL_RCC_GetPCLK2Freq
 .text.HAL_RCC_GetClockConfig
                0x00000000080019c8       0x64 Drivers/STM32F3xx_HAL_Driver/Src/stm32f3xx_hal_rcc.o
                0x00000000080019c8                HAL_RCC_GetClockConfig
 .text.HAL_RCCEx_PeriphCLKConfig
                0x0000000008001a2c      0x438 Drivers/STM32F3xx_HAL_Driver/Src/stm32f3xx_hal_rcc_ex.o
                0x0000000008001a2c                HAL_RCCEx_PeriphCLKConfig
 .text.HAL_TIM_Base_Init
                0x0000000008001e64       0x56 Drivers/STM32F3xx_HAL_Driver/Src/stm32f3xx_hal_tim.o
                0x0000000008001e64                HAL_TIM_Base_Init
 .text.HAL_TIM_Base_Start
                0x0000000008001eba       0x36 Drivers/STM32F3xx_HAL_Driver/Src/stm32f3xx_hal_tim.o
                0x0000000008001eba                HAL_TIM_Base_Start
 .text.HAL_TIM_Base_Stop
                0x0000000008001ef0       0x56 Drivers/STM32F3xx_HAL_Driver/Src/stm32f3xx_hal_tim.o
                0x0000000008001ef0                HAL_TIM_Base_Stop
 .text.HAL_TIM_Base_Start_IT
                0x0000000008001f46       0x36 Drivers/STM32F3xx_HAL_Driver/Src/stm32f3xx_hal_tim.o
                0x0000000008001f46                HAL_TIM_Base_Start_IT
 .text.HAL_TIM_PWM_Init
                0x0000000008001f7c       0x56 Drivers/STM32F3xx_HAL_Driver/Src/stm32f3xx_hal_tim.o
                0x0000000008001f7c                HAL_TIM_PWM_Init
 *fill*         0x0000000008001fd2        0x2 
 .text.HAL_TIM_PWM_Start
                0x0000000008001fd4       0xa0 Drivers/STM32F3xx_HAL_Driver/Src/stm32f3xx_hal_tim.o
                0x0000000008001fd4                HAL_TIM_PWM_Start
 .text.HAL_TIM_Encoder_Init
                0x0000000008002074      0x130 Drivers/STM32F3xx_HAL_Driver/Src/stm32f3xx_hal_tim.o
                0x0000000008002074                HAL_TIM_Encoder_Init
 .text.HAL_TIM_IRQHandler
                0x00000000080021a4      0x23e Drivers/STM32F3xx_HAL_Driver/Src/stm32f3xx_hal_tim.o
                0x00000000080021a4                HAL_TIM_IRQHandler
 .text.HAL_TIM_OC_DelayElapsedCallback
                0x00000000080023e2       0x14 Drivers/STM32F3xx_HAL_Driver/Src/stm32f3xx_hal_tim.o
                0x00000000080023e2                HAL_TIM_OC_DelayElapsedCallback
 .text.HAL_TIM_IC_CaptureCallback
                0x00000000080023f6       0x14 Drivers/STM32F3xx_HAL_Driver/Src/stm32f3xx_hal_tim.o
                0x00000000080023f6                HAL_TIM_IC_CaptureCallback
 .text.HAL_TIM_PWM_PulseFinishedCallback
                0x000000000800240a       0x14 Drivers/STM32F3xx_HAL_Driver/Src/stm32f3xx_hal_tim.o
                0x000000000800240a                HAL_TIM_PWM_PulseFinishedCallback
 .text.HAL_TIM_TriggerCallback
                0x000000000800241e       0x14 Drivers/STM32F3xx_HAL_Driver/Src/stm32f3xx_hal_tim.o
                0x000000000800241e                HAL_TIM_TriggerCallback
 *fill*         0x0000000008002432        0x2 
 .text.TIM_Base_SetConfig
                0x0000000008002434      0x140 Drivers/STM32F3xx_HAL_Driver/Src/stm32f3xx_hal_tim.o
                0x0000000008002434                TIM_Base_SetConfig
 .text.TIM_OC1_SetConfig
                0x0000000008002574      0x140 Drivers/STM32F3xx_HAL_Driver/Src/stm32f3xx_hal_tim.o
                0x0000000008002574                TIM_OC1_SetConfig
 .text.TIM_OC2_SetConfig
                0x00000000080026b4      0x134 Drivers/STM32F3xx_HAL_Driver/Src/stm32f3xx_hal_tim.o
                0x00000000080026b4                TIM_OC2_SetConfig
 .text.TIM_OC3_SetConfig
                0x00000000080027e8      0x130 Drivers/STM32F3xx_HAL_Driver/Src/stm32f3xx_hal_tim.o
                0x00000000080027e8                TIM_OC3_SetConfig
 .text.TIM_OC4_SetConfig
                0x0000000008002918       0xec Drivers/STM32F3xx_HAL_Driver/Src/stm32f3xx_hal_tim.o
                0x0000000008002918                TIM_OC4_SetConfig
 .text.TIM_CCxChannelCmd
                0x0000000008002a04       0x46 Drivers/STM32F3xx_HAL_Driver/Src/stm32f3xx_hal_tim.o
                0x0000000008002a04                TIM_CCxChannelCmd
 *fill*         0x0000000008002a4a        0x2 
 .text.HAL_TIM_PWM_ConfigChannel
                0x0000000008002a4c      0x230 Drivers/STM32F3xx_HAL_Driver/Src/stm32f3xx_hal_tim_ex.o
                0x0000000008002a4c                HAL_TIM_PWM_ConfigChannel
 .text.HAL_TIMEx_MasterConfigSynchronization
                0x0000000008002c7c       0xb8 Drivers/STM32F3xx_HAL_Driver/Src/stm32f3xx_hal_tim_ex.o
                0x0000000008002c7c                HAL_TIMEx_MasterConfigSynchronization
 .text.HAL_TIMEx_CommutationCallback
                0x0000000008002d34       0x14 Drivers/STM32F3xx_HAL_Driver/Src/stm32f3xx_hal_tim_ex.o
                0x0000000008002d34                HAL_TIMEx_CommutationCallback
 .text.HAL_TIMEx_BreakCallback
                0x0000000008002d48       0x14 Drivers/STM32F3xx_HAL_Driver/Src/stm32f3xx_hal_tim_ex.o
                0x0000000008002d48                HAL_TIMEx_BreakCallback
 .text.HAL_TIMEx_Break2Callback
                0x0000000008002d5c       0x14 Drivers/STM32F3xx_HAL_Driver/Src/stm32f3xx_hal_tim_ex.o
                0x0000000008002d5c                HAL_TIMEx_Break2Callback
 .text.TIM_OC5_SetConfig
                0x0000000008002d70       0xe0 Drivers/STM32F3xx_HAL_Driver/Src/stm32f3xx_hal_tim_ex.o
 .text.TIM_OC6_SetConfig
                0x0000000008002e50       0xe4 Drivers/STM32F3xx_HAL_Driver/Src/stm32f3xx_hal_tim_ex.o
 .text.HAL_UART_Init
                0x0000000008002f34       0xa2 Drivers/STM32F3xx_HAL_Driver/Src/stm32f3xx_hal_uart.o
                0x0000000008002f34                HAL_UART_Init
 *fill*         0x0000000008002fd6        0x2 
 .text.UART_SetConfig
                0x0000000008002fd8      0x3fc Drivers/STM32F3xx_HAL_Driver/Src/stm32f3xx_hal_uart.o
                0x0000000008002fd8                UART_SetConfig
 .text.UART_AdvFeatureConfig
                0x00000000080033d4      0x144 Drivers/STM32F3xx_HAL_Driver/Src/stm32f3xx_hal_uart.o
                0x00000000080033d4                UART_AdvFeatureConfig
 .text.UART_CheckIdleState
                0x0000000008003518       0x92 Drivers/STM32F3xx_HAL_Driver/Src/stm32f3xx_hal_uart.o
                0x0000000008003518                UART_CheckIdleState
 .text.UART_WaitOnFlagUntilTimeout
                0x00000000080035aa       0x94 Drivers/STM32F3xx_HAL_Driver/Src/stm32f3xx_hal_uart.o
                0x00000000080035aa                UART_WaitOnFlagUntilTimeout
 .text.makeFreeRtosPriority
                0x000000000800363e       0x30 Middlewares/Third_Party/FreeRTOS/Source/CMSIS_RTOS/cmsis_os.o
 .text.osKernelStart
                0x000000000800366e        0xe Middlewares/Third_Party/FreeRTOS/Source/CMSIS_RTOS/cmsis_os.o
                0x000000000800366e                osKernelStart
 .text.osThreadCreate
                0x000000000800367c       0x4e Middlewares/Third_Party/FreeRTOS/Source/CMSIS_RTOS/cmsis_os.o
                0x000000000800367c                osThreadCreate
 *fill*         0x00000000080036ca        0x2 
 .text.osDelay  0x00000000080036cc       0x34 Middlewares/Third_Party/FreeRTOS/Source/CMSIS_RTOS/cmsis_os.o
                0x00000000080036cc                osDelay
 .text.vListInitialise
                0x0000000008003700       0x40 Middlewares/Third_Party/FreeRTOS/Source/list.o
                0x0000000008003700                vListInitialise
 .text.vListInitialiseItem
                0x0000000008003740       0x1a Middlewares/Third_Party/FreeRTOS/Source/list.o
                0x0000000008003740                vListInitialiseItem
 .text.vListInsertEnd
                0x000000000800375a       0x48 Middlewares/Third_Party/FreeRTOS/Source/list.o
                0x000000000800375a                vListInsertEnd
 .text.vListInsert
                0x00000000080037a2       0x72 Middlewares/Third_Party/FreeRTOS/Source/list.o
                0x00000000080037a2                vListInsert
 .text.uxListRemove
                0x0000000008003814       0x54 Middlewares/Third_Party/FreeRTOS/Source/list.o
                0x0000000008003814                uxListRemove
 .text.pxPortInitialiseStack
                0x0000000008003868       0x68 Middlewares/Third_Party/FreeRTOS/Source/portable/GCC/ARM_CM4F/port.o
                0x0000000008003868                pxPortInitialiseStack
 .text.prvTaskExitError
                0x00000000080038d0       0x3c Middlewares/Third_Party/FreeRTOS/Source/portable/GCC/ARM_CM4F/port.o
 *fill*         0x000000000800390c        0x4 
 .text.SVC_Handler
                0x0000000008003910       0x28 Middlewares/Third_Party/FreeRTOS/Source/portable/GCC/ARM_CM4F/port.o
                0x0000000008003910                SVC_Handler
 .text.prvPortStartFirstTask
                0x0000000008003938       0x20 Middlewares/Third_Party/FreeRTOS/Source/portable/GCC/ARM_CM4F/port.o
 .text.xPortStartScheduler
                0x0000000008003958      0x118 Middlewares/Third_Party/FreeRTOS/Source/portable/GCC/ARM_CM4F/port.o
                0x0000000008003958                xPortStartScheduler
 .text.vPortEnterCritical
                0x0000000008003a70       0x5c Middlewares/Third_Party/FreeRTOS/Source/portable/GCC/ARM_CM4F/port.o
                0x0000000008003a70                vPortEnterCritical
 .text.vPortExitCritical
                0x0000000008003acc       0x50 Middlewares/Third_Party/FreeRTOS/Source/portable/GCC/ARM_CM4F/port.o
                0x0000000008003acc                vPortExitCritical
 *fill*         0x0000000008003b1c        0x4 
 .text.PendSV_Handler
                0x0000000008003b20       0x68 Middlewares/Third_Party/FreeRTOS/Source/portable/GCC/ARM_CM4F/port.o
                0x0000000008003b20                PendSV_Handler
 .text.SysTick_Handler
                0x0000000008003b88       0x40 Middlewares/Third_Party/FreeRTOS/Source/portable/GCC/ARM_CM4F/port.o
                0x0000000008003b88                SysTick_Handler
 .text.vPortSetupTimerInterrupt
                0x0000000008003bc8       0x38 Middlewares/Third_Party/FreeRTOS/Source/portable/GCC/ARM_CM4F/port.o
                0x0000000008003bc8                vPortSetupTimerInterrupt
 .text.vPortEnableVFP
                0x0000000008003c00       0x14 Middlewares/Third_Party/FreeRTOS/Source/portable/GCC/ARM_CM4F/port.o
 .text.pvPortMalloc
                0x0000000008003c14      0x184 Middlewares/Third_Party/FreeRTOS/Source/portable/MemMang/heap_4.o
                0x0000000008003c14                pvPortMalloc
 .text.vPortFree
                0x0000000008003d98       0xb0 Middlewares/Third_Party/FreeRTOS/Source/portable/MemMang/heap_4.o
                0x0000000008003d98                vPortFree
 .text.prvHeapInit
                0x0000000008003e48       0xc4 Middlewares/Third_Party/FreeRTOS/Source/portable/MemMang/heap_4.o
 .text.prvInsertBlockIntoFreeList
                0x0000000008003f0c       0xb4 Middlewares/Third_Party/FreeRTOS/Source/portable/MemMang/heap_4.o
 .text.xTaskCreate
                0x0000000008003fc0       0x82 Middlewares/Third_Party/FreeRTOS/Source/tasks.o
                0x0000000008003fc0                xTaskCreate
 .text.prvInitialiseNewTask
                0x0000000008004042       0xfc Middlewares/Third_Party/FreeRTOS/Source/tasks.o
 *fill*         0x000000000800413e        0x2 
 .text.prvAddNewTaskToReadyList
                0x0000000008004140       0xd4 Middlewares/Third_Party/FreeRTOS/Source/tasks.o
 .text.vTaskDelay
                0x0000000008004214       0x68 Middlewares/Third_Party/FreeRTOS/Source/tasks.o
                0x0000000008004214                vTaskDelay
 .text.vTaskStartScheduler
                0x000000000800427c       0x8c Middlewares/Third_Party/FreeRTOS/Source/tasks.o
                0x000000000800427c                vTaskStartScheduler
 .text.vTaskSuspendAll
                0x0000000008004308       0x1c Middlewares/Third_Party/FreeRTOS/Source/tasks.o
                0x0000000008004308                vTaskSuspendAll
 .text.xTaskResumeAll
                0x0000000008004324      0x138 Middlewares/Third_Party/FreeRTOS/Source/tasks.o
                0x0000000008004324                xTaskResumeAll
 .text.xTaskIncrementTick
                0x000000000800445c      0x178 Middlewares/Third_Party/FreeRTOS/Source/tasks.o
                0x000000000800445c                xTaskIncrementTick
 .text.vTaskSwitchContext
                0x00000000080045d4       0xb4 Middlewares/Third_Party/FreeRTOS/Source/tasks.o
                0x00000000080045d4                vTaskSwitchContext
 .text.prvIdleTask
                0x0000000008004688       0x30 Middlewares/Third_Party/FreeRTOS/Source/tasks.o
 .text.prvInitialiseTaskLists
                0x00000000080046b8       0x80 Middlewares/Third_Party/FreeRTOS/Source/tasks.o
 .text.prvCheckTasksWaitingTermination
                0x0000000008004738       0x78 Middlewares/Third_Party/FreeRTOS/Source/tasks.o
 .text.prvDeleteTCB
                0x00000000080047b0       0x20 Middlewares/Third_Party/FreeRTOS/Source/tasks.o
 .text.prvResetNextTaskUnblockTime
                0x00000000080047d0       0x4c Middlewares/Third_Party/FreeRTOS/Source/tasks.o
 .text.prvAddCurrentTaskToDelayedList
                0x000000000800481c       0xcc Middlewares/Third_Party/FreeRTOS/Source/tasks.o
 .text.main     0x00000000080048e8      0x150 Src/main.o
                0x00000000080048e8                main
 .text.SystemClock_Config
                0x0000000008004a38       0xcc Src/main.o
                0x0000000008004a38                SystemClock_Config
 .text.MX_TIM2_Init
                0x0000000008004b04       0xa8 Src/main.o
 .text.MX_TIM3_Init
                0x0000000008004bac       0xf8 Src/main.o
 .text.MX_TIM4_Init
                0x0000000008004ca4       0xac Src/main.o
 .text.MX_TIM17_Init
                0x0000000008004d50       0x4c Src/main.o
 .text.MX_USART2_UART_Init
                0x0000000008004d9c       0x60 Src/main.o
 .text.MX_GPIO_Init
                0x0000000008004dfc      0x154 Src/main.o
 .text.StartDefaultTask
                0x0000000008004f50       0x10 Src/main.o
                0x0000000008004f50                StartDefaultTask
 .text.modifyTimer0PWM
                0x0000000008004f60       0x3c Src/main.o
                0x0000000008004f60                modifyTimer0PWM
 .text.modifyTimer1PWM
                0x0000000008004f9c       0x3c Src/main.o
                0x0000000008004f9c                modifyTimer1PWM
 .text.modifyTimer2PWM
                0x0000000008004fd8       0x3c Src/main.o
                0x0000000008004fd8                modifyTimer2PWM
 .text.modifyTimer3PWM
                0x0000000008005014       0x3c Src/main.o
                0x0000000008005014                modifyTimer3PWM
 .text.motor0Loop
                0x0000000008005050       0x80 Src/main.o
                0x0000000008005050                motor0Loop
 .text.motor1Loop
                0x00000000080050d0       0x80 Src/main.o
                0x00000000080050d0                motor1Loop
 .text.controlLoop
                0x0000000008005150       0x1c Src/main.o
                0x0000000008005150                controlLoop
 .text.sendPulse
                0x000000000800516c       0x50 Src/main.o
                0x000000000800516c                sendPulse
 .text.VzdLoop  0x00000000080051bc       0x64 Src/main.o
                0x00000000080051bc                VzdLoop
 .text.backupLoop1
                0x0000000008005220       0x10 Src/main.o
                0x0000000008005220                backupLoop1
 .text.EncoLoop
                0x0000000008005230       0x30 Src/main.o
                0x0000000008005230                EncoLoop
 .text.HAL_TIM_PeriodElapsedCallback
                0x0000000008005260       0x24 Src/main.o
                0x0000000008005260                HAL_TIM_PeriodElapsedCallback
 .text.Error_Handler
                0x0000000008005284        0xe Src/main.o
                0x0000000008005284                Error_Handler
 *fill*         0x0000000008005292        0x2 
 .text.HAL_MspInit
                0x0000000008005294       0x50 Src/stm32f3xx_hal_msp.o
                0x0000000008005294                HAL_MspInit
 .text.HAL_TIM_Encoder_MspInit
                0x00000000080052e4       0xe4 Src/stm32f3xx_hal_msp.o
                0x00000000080052e4                HAL_TIM_Encoder_MspInit
 .text.HAL_TIM_PWM_MspInit
                0x00000000080053c8       0x40 Src/stm32f3xx_hal_msp.o
                0x00000000080053c8                HAL_TIM_PWM_MspInit
 .text.HAL_TIM_Base_MspInit
                0x0000000008005408       0x40 Src/stm32f3xx_hal_msp.o
                0x0000000008005408                HAL_TIM_Base_MspInit
 .text.HAL_TIM_MspPostInit
                0x0000000008005448       0xa8 Src/stm32f3xx_hal_msp.o
                0x0000000008005448                HAL_TIM_MspPostInit
 .text.HAL_UART_MspInit
                0x00000000080054f0       0x84 Src/stm32f3xx_hal_msp.o
                0x00000000080054f0                HAL_UART_MspInit
 .text.HAL_InitTick
                0x0000000008005574       0xac Src/stm32f3xx_hal_timebase_tim.o
                0x0000000008005574                HAL_InitTick
 .text.NMI_Handler
                0x0000000008005620        0xe Src/stm32f3xx_it.o
                0x0000000008005620                NMI_Handler
 .text.HardFault_Handler
                0x000000000800562e        0x6 Src/stm32f3xx_it.o
                0x000000000800562e                HardFault_Handler
 .text.MemManage_Handler
                0x0000000008005634        0x6 Src/stm32f3xx_it.o
                0x0000000008005634                MemManage_Handler
 .text.BusFault_Handler
                0x000000000800563a        0x6 Src/stm32f3xx_it.o
                0x000000000800563a                BusFault_Handler
 .text.UsageFault_Handler
                0x0000000008005640        0x6 Src/stm32f3xx_it.o
                0x0000000008005640                UsageFault_Handler
 .text.DebugMon_Handler
                0x0000000008005646        0xe Src/stm32f3xx_it.o
                0x0000000008005646                DebugMon_Handler
 .text.TIM1_UP_TIM16_IRQHandler
                0x0000000008005654       0x14 Src/stm32f3xx_it.o
                0x0000000008005654                TIM1_UP_TIM16_IRQHandler
 .text.SystemInit
                0x0000000008005668       0x94 Src/system_stm32f3xx.o
                0x0000000008005668                SystemInit
 .text.Reset_Handler
                0x00000000080056fc       0x50 startup/startup_stm32f303xe.o
                0x00000000080056fc                Reset_Handler
 .text.Default_Handler
                0x000000000800574c        0x2 startup/startup_stm32f303xe.o
                0x000000000800574c                RTC_Alarm_IRQHandler
                0x000000000800574c                TIM8_TRG_COM_IRQHandler
                0x000000000800574c                TIM8_CC_IRQHandler
                0x000000000800574c                SPI4_IRQHandler
                0x000000000800574c                TIM1_CC_IRQHandler
                0x000000000800574c                USB_HP_IRQHandler
                0x000000000800574c                PVD_IRQHandler
                0x000000000800574c                TAMP_STAMP_IRQHandler
                0x000000000800574c                EXTI3_IRQHandler
                0x000000000800574c                I2C3_ER_IRQHandler
                0x000000000800574c                USB_HP_CAN_TX_IRQHandler
                0x000000000800574c                EXTI0_IRQHandler
                0x000000000800574c                I2C2_EV_IRQHandler
                0x000000000800574c                FPU_IRQHandler
                0x000000000800574c                ADC1_2_IRQHandler
                0x000000000800574c                SPI1_IRQHandler
                0x000000000800574c                CAN_SCE_IRQHandler
                0x000000000800574c                TIM6_DAC_IRQHandler
                0x000000000800574c                TIM8_UP_IRQHandler
                0x000000000800574c                DMA2_Channel2_IRQHandler
                0x000000000800574c                DMA1_Channel4_IRQHandler
                0x000000000800574c                TIM20_TRG_COM_IRQHandler
                0x000000000800574c                USART3_IRQHandler
                0x000000000800574c                DMA1_Channel7_IRQHandler
                0x000000000800574c                UART5_IRQHandler
                0x000000000800574c                ADC3_IRQHandler
                0x000000000800574c                TIM4_IRQHandler
                0x000000000800574c                CAN_RX1_IRQHandler
                0x000000000800574c                DMA2_Channel1_IRQHandler
                0x000000000800574c                I2C1_EV_IRQHandler
                0x000000000800574c                DMA1_Channel6_IRQHandler
                0x000000000800574c                UART4_IRQHandler
                0x000000000800574c                DMA2_Channel4_IRQHandler
                0x000000000800574c                TIM3_IRQHandler
                0x000000000800574c                RCC_IRQHandler
                0x000000000800574c                TIM20_UP_IRQHandler
                0x000000000800574c                DMA1_Channel1_IRQHandler
                0x000000000800574c                Default_Handler
                0x000000000800574c                USBWakeUp_RMP_IRQHandler
                0x000000000800574c                EXTI15_10_IRQHandler
                0x000000000800574c                TIM7_IRQHandler
                0x000000000800574c                I2C3_EV_IRQHandler
                0x000000000800574c                EXTI9_5_IRQHandler
                0x000000000800574c                RTC_WKUP_IRQHandler
                0x000000000800574c                SPI2_IRQHandler
                0x000000000800574c                USB_LP_CAN_RX0_IRQHandler
                0x000000000800574c                DMA2_Channel5_IRQHandler
                0x000000000800574c                DMA1_Channel5_IRQHandler
                0x000000000800574c                USB_LP_IRQHandler
                0x000000000800574c                EXTI4_IRQHandler
                0x000000000800574c                TIM1_TRG_COM_TIM17_IRQHandler
                0x000000000800574c                DMA1_Channel3_IRQHandler
                0x000000000800574c                ADC4_IRQHandler
                0x000000000800574c                WWDG_IRQHandler
                0x000000000800574c                TIM2_IRQHandler
                0x000000000800574c                COMP7_IRQHandler
                0x000000000800574c                COMP1_2_3_IRQHandler
                0x000000000800574c                EXTI1_IRQHandler
                0x000000000800574c                USART2_IRQHandler
                0x000000000800574c                COMP4_5_6_IRQHandler
                0x000000000800574c                TIM20_BRK_IRQHandler
                0x000000000800574c                I2C2_ER_IRQHandler
                0x000000000800574c                DMA1_Channel2_IRQHandler
                0x000000000800574c                TIM8_BRK_IRQHandler
                0x000000000800574c                FLASH_IRQHandler
                0x000000000800574c                TIM20_CC_IRQHandler
                0x000000000800574c                USART1_IRQHandler
                0x000000000800574c                SPI3_IRQHandler
                0x000000000800574c                I2C1_ER_IRQHandler
                0x000000000800574c                FMC_IRQHandler
                0x000000000800574c                USBWakeUp_IRQHandler
                0x000000000800574c                DMA2_Channel3_IRQHandler
                0x000000000800574c                EXTI2_TSC_IRQHandler
                0x000000000800574c                TIM1_BRK_TIM15_IRQHandler
 *fill*         0x000000000800574e        0x2 
 .text.__libc_init_array
                0x0000000008005750       0x48 /opt/Atollic_TrueSTUDIO_for_STM32_x86_64_9.3.0/ARMTools/bin/../lib/gcc/arm-atollic-eabi/6.3.1/../../../../arm-atollic-eabi/lib/armv7e-m/fpu/libc_nano.a(lib_a-init.o)
                0x0000000008005750                __libc_init_array
 .text.memset   0x0000000008005798       0x10 /opt/Atollic_TrueSTUDIO_for_STM32_x86_64_9.3.0/ARMTools/bin/../lib/gcc/arm-atollic-eabi/6.3.1/../../../../arm-atollic-eabi/lib/armv7e-m/fpu/libc_nano.a(lib_a-memset.o)
                0x0000000008005798                memset
 *(.glue_7)
 .glue_7        0x00000000080057a8        0x0 linker stubs
 *(.glue_7t)
 .glue_7t       0x00000000080057a8        0x0 linker stubs
 *(.eh_frame)
 .eh_frame      0x00000000080057a8        0x0 /opt/Atollic_TrueSTUDIO_for_STM32_x86_64_9.3.0/ARMTools/bin/../lib/gcc/arm-atollic-eabi/6.3.1/armv7e-m/fpu/crtbegin.o
 *(.init)
 .init          0x00000000080057a8        0x4 /opt/Atollic_TrueSTUDIO_for_STM32_x86_64_9.3.0/ARMTools/bin/../lib/gcc/arm-atollic-eabi/6.3.1/armv7e-m/fpu/crti.o
                0x00000000080057a8                _init
 .init          0x00000000080057ac        0x8 /opt/Atollic_TrueSTUDIO_for_STM32_x86_64_9.3.0/ARMTools/bin/../lib/gcc/arm-atollic-eabi/6.3.1/armv7e-m/fpu/crtn.o
 *(.fini)
 .fini          0x00000000080057b4        0x4 /opt/Atollic_TrueSTUDIO_for_STM32_x86_64_9.3.0/ARMTools/bin/../lib/gcc/arm-atollic-eabi/6.3.1/armv7e-m/fpu/crti.o
                0x00000000080057b4                _fini
 .fini          0x00000000080057b8        0x8 /opt/Atollic_TrueSTUDIO_for_STM32_x86_64_9.3.0/ARMTools/bin/../lib/gcc/arm-atollic-eabi/6.3.1/armv7e-m/fpu/crtn.o
                0x00000000080057c0                . = ALIGN (0x4)
                0x00000000080057c0                _etext = .

.vfp11_veneer   0x00000000080057c0        0x0
 .vfp11_veneer  0x00000000080057c0        0x0 linker stubs

.v4_bx          0x00000000080057c0        0x0
 .v4_bx         0x00000000080057c0        0x0 linker stubs

.iplt           0x00000000080057c0        0x0
 .iplt          0x00000000080057c0        0x0 /opt/Atollic_TrueSTUDIO_for_STM32_x86_64_9.3.0/ARMTools/bin/../lib/gcc/arm-atollic-eabi/6.3.1/armv7e-m/fpu/crtbegin.o

.rodata         0x00000000080057c0      0x11c
                0x00000000080057c0                . = ALIGN (0x4)
 *(.rodata)
 .rodata        0x00000000080057c0        0x5 Middlewares/Third_Party/FreeRTOS/Source/tasks.o
 *fill*         0x00000000080057c5        0x3 
 .rodata        0x00000000080057c8       0xdc Src/main.o
 *(.rodata*)
 .rodata.aPLLMULFactorTable
                0x00000000080058a4       0x10 Drivers/STM32F3xx_HAL_Driver/Src/stm32f3xx_hal_rcc.o
                0x00000000080058a4                aPLLMULFactorTable
 .rodata.aPredivFactorTable
                0x00000000080058b4       0x10 Drivers/STM32F3xx_HAL_Driver/Src/stm32f3xx_hal_rcc.o
                0x00000000080058b4                aPredivFactorTable
 .rodata.AHBPrescTable
                0x00000000080058c4       0x10 Src/system_stm32f3xx.o
                0x00000000080058c4                AHBPrescTable
 .rodata.APBPrescTable
                0x00000000080058d4        0x8 Src/system_stm32f3xx.o
                0x00000000080058d4                APBPrescTable
                0x00000000080058dc                . = ALIGN (0x4)

.rel.dyn        0x00000000080058dc        0x0
 .rel.iplt      0x00000000080058dc        0x0 /opt/Atollic_TrueSTUDIO_for_STM32_x86_64_9.3.0/ARMTools/bin/../lib/gcc/arm-atollic-eabi/6.3.1/armv7e-m/fpu/crtbegin.o

.ARM.extab
 *(.ARM.extab* .gnu.linkonce.armextab.*)

.ARM            0x00000000080058dc        0x0
                0x00000000080058dc                __exidx_start = .
 *(.ARM.exidx*)
                0x00000000080058dc                __exidx_end = .

.preinit_array  0x00000000080058dc        0x0
                0x00000000080058dc                PROVIDE (__preinit_array_start, .)
 *(.preinit_array*)
                0x00000000080058dc                PROVIDE (__preinit_array_end, .)

.init_array     0x00000000080058dc        0x4
                0x00000000080058dc                PROVIDE (__init_array_start, .)
 *(SORT(.init_array.*))
 *(.init_array*)
 .init_array    0x00000000080058dc        0x4 /opt/Atollic_TrueSTUDIO_for_STM32_x86_64_9.3.0/ARMTools/bin/../lib/gcc/arm-atollic-eabi/6.3.1/armv7e-m/fpu/crtbegin.o
                0x00000000080058e0                PROVIDE (__init_array_end, .)

.fini_array     0x00000000080058e0        0x4
                [!provide]                        PROVIDE (__fini_array_start, .)
 *(SORT(.fini_array.*))
 *(.fini_array*)
 .fini_array    0x00000000080058e0        0x4 /opt/Atollic_TrueSTUDIO_for_STM32_x86_64_9.3.0/ARMTools/bin/../lib/gcc/arm-atollic-eabi/6.3.1/armv7e-m/fpu/crtbegin.o
                [!provide]                        PROVIDE (__fini_array_end, .)
                0x00000000080058e4                _sidata = LOADADDR (.data)

.data           0x0000000020000000       0x14 load address 0x00000000080058e4
                0x0000000020000000                . = ALIGN (0x4)
                0x0000000020000000                _sdata = .
 *(.data)
 *(.data*)
 .data.uwTickFreq
                0x0000000020000000        0x1 Drivers/STM32F3xx_HAL_Driver/Src/stm32f3xx_hal.o
                0x0000000020000000                uwTickFreq
 *fill*         0x0000000020000001        0x3 
 .data.uxCriticalNesting
                0x0000000020000004        0x4 Middlewares/Third_Party/FreeRTOS/Source/portable/GCC/ARM_CM4F/port.o
 .data.m1State  0x0000000020000008        0x1 Src/main.o
                0x0000000020000008                m1State
 .data.m2State  0x0000000020000009        0x1 Src/main.o
                0x0000000020000009                m2State
 .data.m1Speed  0x000000002000000a        0x2 Src/main.o
                0x000000002000000a                m1Speed
 .data.m2Speed  0x000000002000000c        0x2 Src/main.o
                0x000000002000000c                m2Speed
 *fill*         0x000000002000000e        0x2 
 .data.SystemCoreClock
                0x0000000020000010        0x4 Src/system_stm32f3xx.o
                0x0000000020000010                SystemCoreClock
                0x0000000020000014                . = ALIGN (0x4)
                0x0000000020000014                _edata = .
                0x00000000080058f8                _siccmram = LOADADDR (.ccmram)

.igot.plt       0x0000000020000014        0x0 load address 0x00000000080058f8
 .igot.plt      0x0000000020000014        0x0 /opt/Atollic_TrueSTUDIO_for_STM32_x86_64_9.3.0/ARMTools/bin/../lib/gcc/arm-atollic-eabi/6.3.1/armv7e-m/fpu/crtbegin.o

.ccmram         0x0000000010000000        0x0 load address 0x00000000080058f8
                0x0000000010000000                . = ALIGN (0x4)
                0x0000000010000000                _sccmram = .
 *(.ccmram)
 *(.ccmram*)
                0x0000000010000000                . = ALIGN (0x4)
                0x0000000010000000                _eccmram = .
                0x0000000010000000                . = ALIGN (0x4)

.bss            0x0000000020000014     0x1bac
                0x0000000020000014                _sbss = .
                0x0000000020000014                __bss_start__ = _sbss
 *(.bss)
 .bss           0x0000000020000014       0x1c /opt/Atollic_TrueSTUDIO_for_STM32_x86_64_9.3.0/ARMTools/bin/../lib/gcc/arm-atollic-eabi/6.3.1/armv7e-m/fpu/crtbegin.o
 *(.bss*)
 .bss.ucMaxSysCallPriority
                0x0000000020000030        0x1 Middlewares/Third_Party/FreeRTOS/Source/portable/GCC/ARM_CM4F/port.o
 *fill*         0x0000000020000031        0x3 
 .bss.ulMaxPRIGROUPValue
                0x0000000020000034        0x4 Middlewares/Third_Party/FreeRTOS/Source/portable/GCC/ARM_CM4F/port.o
 .bss.ucHeap    0x0000000020000038     0x1860 Middlewares/Third_Party/FreeRTOS/Source/portable/MemMang/heap_4.o
 .bss.xStart    0x0000000020001898        0x8 Middlewares/Third_Party/FreeRTOS/Source/portable/MemMang/heap_4.o
 .bss.pxEnd     0x00000000200018a0        0x4 Middlewares/Third_Party/FreeRTOS/Source/portable/MemMang/heap_4.o
 .bss.xFreeBytesRemaining
                0x00000000200018a4        0x4 Middlewares/Third_Party/FreeRTOS/Source/portable/MemMang/heap_4.o
 .bss.xMinimumEverFreeBytesRemaining
                0x00000000200018a8        0x4 Middlewares/Third_Party/FreeRTOS/Source/portable/MemMang/heap_4.o
 .bss.xBlockAllocatedBit
                0x00000000200018ac        0x4 Middlewares/Third_Party/FreeRTOS/Source/portable/MemMang/heap_4.o
 .bss.pxCurrentTCB
                0x00000000200018b0        0x4 Middlewares/Third_Party/FreeRTOS/Source/tasks.o
                0x00000000200018b0                pxCurrentTCB
 .bss.pxReadyTasksLists
                0x00000000200018b4       0x8c Middlewares/Third_Party/FreeRTOS/Source/tasks.o
 .bss.xDelayedTaskList1
                0x0000000020001940       0x14 Middlewares/Third_Party/FreeRTOS/Source/tasks.o
 .bss.xDelayedTaskList2
                0x0000000020001954       0x14 Middlewares/Third_Party/FreeRTOS/Source/tasks.o
 .bss.pxDelayedTaskList
                0x0000000020001968        0x4 Middlewares/Third_Party/FreeRTOS/Source/tasks.o
 .bss.pxOverflowDelayedTaskList
                0x000000002000196c        0x4 Middlewares/Third_Party/FreeRTOS/Source/tasks.o
 .bss.xPendingReadyList
                0x0000000020001970       0x14 Middlewares/Third_Party/FreeRTOS/Source/tasks.o
 .bss.xTasksWaitingTermination
                0x0000000020001984       0x14 Middlewares/Third_Party/FreeRTOS/Source/tasks.o
 .bss.uxDeletedTasksWaitingCleanUp
                0x0000000020001998        0x4 Middlewares/Third_Party/FreeRTOS/Source/tasks.o
 .bss.xSuspendedTaskList
                0x000000002000199c       0x14 Middlewares/Third_Party/FreeRTOS/Source/tasks.o
 .bss.uxCurrentNumberOfTasks
                0x00000000200019b0        0x4 Middlewares/Third_Party/FreeRTOS/Source/tasks.o
 .bss.xTickCount
                0x00000000200019b4        0x4 Middlewares/Third_Party/FreeRTOS/Source/tasks.o
 .bss.uxTopReadyPriority
                0x00000000200019b8        0x4 Middlewares/Third_Party/FreeRTOS/Source/tasks.o
 .bss.xSchedulerRunning
                0x00000000200019bc        0x4 Middlewares/Third_Party/FreeRTOS/Source/tasks.o
 .bss.uxPendedTicks
                0x00000000200019c0        0x4 Middlewares/Third_Party/FreeRTOS/Source/tasks.o
 .bss.xYieldPending
                0x00000000200019c4        0x4 Middlewares/Third_Party/FreeRTOS/Source/tasks.o
 .bss.xNumOfOverflows
                0x00000000200019c8        0x4 Middlewares/Third_Party/FreeRTOS/Source/tasks.o
 .bss.uxTaskNumber
                0x00000000200019cc        0x4 Middlewares/Third_Party/FreeRTOS/Source/tasks.o
 .bss.xNextTaskUnblockTime
                0x00000000200019d0        0x4 Middlewares/Third_Party/FreeRTOS/Source/tasks.o
 .bss.xIdleTaskHandle
                0x00000000200019d4        0x4 Middlewares/Third_Party/FreeRTOS/Source/tasks.o
 .bss.uxSchedulerSuspended
                0x00000000200019d8        0x4 Middlewares/Third_Party/FreeRTOS/Source/tasks.o
 .bss.m1Dir     0x00000000200019dc        0x1 Src/main.o
                0x00000000200019dc                m1Dir
 .bss.m2Dir     0x00000000200019dd        0x1 Src/main.o
                0x00000000200019dd                m2Dir
 .bss.lastM1Speed
                0x00000000200019de        0x2 Src/main.o
                0x00000000200019de                lastM1Speed
 .bss.lastM2Speed
                0x00000000200019e0        0x2 Src/main.o
                0x00000000200019e0                lastM2Speed
 *fill*         0x00000000200019e2        0x2 
 .bss.pulseDuration
                0x00000000200019e4        0x4 Src/main.o
                0x00000000200019e4                pulseDuration
 .bss.encVal0   0x00000000200019e8        0x4 Src/main.o
                0x00000000200019e8                encVal0
 .bss.encVal1   0x00000000200019ec        0x4 Src/main.o
                0x00000000200019ec                encVal1
 *(COMMON)
 COMMON         0x00000000200019f0        0x4 Drivers/STM32F3xx_HAL_Driver/Src/stm32f3xx_hal.o
                0x00000000200019f0                uwTick
 COMMON         0x00000000200019f4      0x18c Src/main.o
                0x00000000200019f4                defaultTaskHandle
                0x00000000200019f8                motor1TaskHandle
                0x00000000200019fc                htim4
                0x0000000020001a3c                VzdTaskHandle
                0x0000000020001a40                htim17
                0x0000000020001a80                htim3
                0x0000000020001ac0                EncoTaskHandle
                0x0000000020001ac4                backupTask1Handle
                0x0000000020001ac8                controlTaskHandle
                0x0000000020001acc                htim2
                0x0000000020001b0c                huart2
                0x0000000020001b7c                motor0TaskHandle
 COMMON         0x0000000020001b80       0x40 Src/stm32f3xx_hal_timebase_tim.o
                0x0000000020001b80                htim1
                0x0000000020001bc0                . = ALIGN (0x4)
                0x0000000020001bc0                _ebss = .
                0x0000000020001bc0                __bss_end__ = _ebss

._user_heap_stack
                0x0000000020001bc0      0x600
                0x0000000020001bc0                . = ALIGN (0x4)
                0x0000000020001bc0                PROVIDE (end, .)
                [!provide]                        PROVIDE (_end, .)
                0x0000000020001dc0                . = (. + _Min_Heap_Size)
 *fill*         0x0000000020001bc0      0x200 
                0x00000000200021c0                . = (. + _Min_Stack_Size)
 *fill*         0x0000000020001dc0      0x400 
                0x00000000200021c0                . = ALIGN (0x4)

/DISCARD/
 libc.a(*)
 libm.a(*)
 libgcc.a(*)

.ARM.attributes
                0x0000000000000000       0x30
 *(.ARM.attributes)
 .ARM.attributes
                0x0000000000000000       0x22 /opt/Atollic_TrueSTUDIO_for_STM32_x86_64_9.3.0/ARMTools/bin/../lib/gcc/arm-atollic-eabi/6.3.1/armv7e-m/fpu/crti.o
 .ARM.attributes
                0x0000000000000022       0x34 /opt/Atollic_TrueSTUDIO_for_STM32_x86_64_9.3.0/ARMTools/bin/../lib/gcc/arm-atollic-eabi/6.3.1/armv7e-m/fpu/crtbegin.o
 .ARM.attributes
                0x0000000000000056       0x39 Drivers/STM32F3xx_HAL_Driver/Src/stm32f3xx_hal.o
 .ARM.attributes
                0x000000000000008f       0x39 Drivers/STM32F3xx_HAL_Driver/Src/stm32f3xx_hal_cortex.o
 .ARM.attributes
                0x00000000000000c8       0x39 Drivers/STM32F3xx_HAL_Driver/Src/stm32f3xx_hal_gpio.o
 .ARM.attributes
                0x0000000000000101       0x39 Drivers/STM32F3xx_HAL_Driver/Src/stm32f3xx_hal_rcc.o
 .ARM.attributes
                0x000000000000013a       0x39 Drivers/STM32F3xx_HAL_Driver/Src/stm32f3xx_hal_rcc_ex.o
 .ARM.attributes
                0x0000000000000173       0x39 Drivers/STM32F3xx_HAL_Driver/Src/stm32f3xx_hal_tim.o
 .ARM.attributes
                0x00000000000001ac       0x39 Drivers/STM32F3xx_HAL_Driver/Src/stm32f3xx_hal_tim_ex.o
 .ARM.attributes
                0x00000000000001e5       0x39 Drivers/STM32F3xx_HAL_Driver/Src/stm32f3xx_hal_uart.o
 .ARM.attributes
                0x000000000000021e       0x39 Middlewares/Third_Party/FreeRTOS/Source/CMSIS_RTOS/cmsis_os.o
 .ARM.attributes
                0x0000000000000257       0x39 Middlewares/Third_Party/FreeRTOS/Source/list.o
 .ARM.attributes
                0x0000000000000290       0x39 Middlewares/Third_Party/FreeRTOS/Source/portable/GCC/ARM_CM4F/port.o
 .ARM.attributes
                0x00000000000002c9       0x39 Middlewares/Third_Party/FreeRTOS/Source/portable/MemMang/heap_4.o
 .ARM.attributes
                0x0000000000000302       0x39 Middlewares/Third_Party/FreeRTOS/Source/tasks.o
 .ARM.attributes
                0x000000000000033b       0x39 Src/main.o
 .ARM.attributes
                0x0000000000000374       0x39 Src/stm32f3xx_hal_msp.o
 .ARM.attributes
                0x00000000000003ad       0x39 Src/stm32f3xx_hal_timebase_tim.o
 .ARM.attributes
                0x00000000000003e6       0x39 Src/stm32f3xx_it.o
 .ARM.attributes
                0x000000000000041f       0x39 Src/system_stm32f3xx.o
 .ARM.attributes
                0x0000000000000458       0x21 startup/startup_stm32f303xe.o
 .ARM.attributes
                0x0000000000000479       0x34 /opt/Atollic_TrueSTUDIO_for_STM32_x86_64_9.3.0/ARMTools/bin/../lib/gcc/arm-atollic-eabi/6.3.1/../../../../arm-atollic-eabi/lib/armv7e-m/fpu/libc_nano.a(lib_a-init.o)
 .ARM.attributes
                0x00000000000004ad       0x34 /opt/Atollic_TrueSTUDIO_for_STM32_x86_64_9.3.0/ARMTools/bin/../lib/gcc/arm-atollic-eabi/6.3.1/../../../../arm-atollic-eabi/lib/armv7e-m/fpu/libc_nano.a(lib_a-memset.o)
 .ARM.attributes
                0x00000000000004e1       0x22 /opt/Atollic_TrueSTUDIO_for_STM32_x86_64_9.3.0/ARMTools/bin/../lib/gcc/arm-atollic-eabi/6.3.1/armv7e-m/fpu/crtn.o
OUTPUT(Nucleo.elf elf32-littlearm)

.debug_info     0x0000000000000000    0x181e6
 .debug_info    0x0000000000000000     0x1015 Drivers/STM32F3xx_HAL_Driver/Src/stm32f3xx_hal.o
 .debug_info    0x0000000000001015     0x15ce Drivers/STM32F3xx_HAL_Driver/Src/stm32f3xx_hal_cortex.o
 .debug_info    0x00000000000025e3      0xfde Drivers/STM32F3xx_HAL_Driver/Src/stm32f3xx_hal_gpio.o
 .debug_info    0x00000000000035c1     0x1ffc Drivers/STM32F3xx_HAL_Driver/Src/stm32f3xx_hal_rcc.o
 .debug_info    0x00000000000055bd      0xf23 Drivers/STM32F3xx_HAL_Driver/Src/stm32f3xx_hal_rcc_ex.o
 .debug_info    0x00000000000064e0     0x2b21 Drivers/STM32F3xx_HAL_Driver/Src/stm32f3xx_hal_tim.o
 .debug_info    0x0000000000009001     0x1b00 Drivers/STM32F3xx_HAL_Driver/Src/stm32f3xx_hal_tim_ex.o
 .debug_info    0x000000000000ab01     0x1c9a Drivers/STM32F3xx_HAL_Driver/Src/stm32f3xx_hal_uart.o
 .debug_info    0x000000000000c79b     0x1af1 Middlewares/Third_Party/FreeRTOS/Source/CMSIS_RTOS/cmsis_os.o
 .debug_info    0x000000000000e28c      0xac3 Middlewares/Third_Party/FreeRTOS/Source/list.o
 .debug_info    0x000000000000ed4f      0x50b Middlewares/Third_Party/FreeRTOS/Source/portable/GCC/ARM_CM4F/port.o
 .debug_info    0x000000000000f25a      0xbed Middlewares/Third_Party/FreeRTOS/Source/portable/MemMang/heap_4.o
 .debug_info    0x000000000000fe47     0x20b5 Middlewares/Third_Party/FreeRTOS/Source/tasks.o
 .debug_info    0x0000000000011efc     0x1d9b Src/main.o
 .debug_info    0x0000000000013c97     0x17bc Src/stm32f3xx_hal_msp.o
 .debug_info    0x0000000000015453     0x1211 Src/stm32f3xx_hal_timebase_tim.o
 .debug_info    0x0000000000016664      0xea8 Src/stm32f3xx_it.o
 .debug_info    0x000000000001750c      0xc70 Src/system_stm32f3xx.o
 .debug_info    0x000000000001817c       0x6a startup/startup_stm32f303xe.o

.debug_abbrev   0x0000000000000000     0x2daa
 .debug_abbrev  0x0000000000000000      0x27e Drivers/STM32F3xx_HAL_Driver/Src/stm32f3xx_hal.o
 .debug_abbrev  0x000000000000027e      0x33d Drivers/STM32F3xx_HAL_Driver/Src/stm32f3xx_hal_cortex.o
 .debug_abbrev  0x00000000000005bb      0x24c Drivers/STM32F3xx_HAL_Driver/Src/stm32f3xx_hal_gpio.o
 .debug_abbrev  0x0000000000000807      0x30f Drivers/STM32F3xx_HAL_Driver/Src/stm32f3xx_hal_rcc.o
 .debug_abbrev  0x0000000000000b16      0x2c7 Drivers/STM32F3xx_HAL_Driver/Src/stm32f3xx_hal_rcc_ex.o
 .debug_abbrev  0x0000000000000ddd      0x2ab Drivers/STM32F3xx_HAL_Driver/Src/stm32f3xx_hal_tim.o
 .debug_abbrev  0x0000000000001088      0x288 Drivers/STM32F3xx_HAL_Driver/Src/stm32f3xx_hal_tim_ex.o
 .debug_abbrev  0x0000000000001310      0x271 Drivers/STM32F3xx_HAL_Driver/Src/stm32f3xx_hal_uart.o
 .debug_abbrev  0x0000000000001581      0x383 Middlewares/Third_Party/FreeRTOS/Source/CMSIS_RTOS/cmsis_os.o
 .debug_abbrev  0x0000000000001904      0x1c5 Middlewares/Third_Party/FreeRTOS/Source/list.o
 .debug_abbrev  0x0000000000001ac9      0x1d5 Middlewares/Third_Party/FreeRTOS/Source/portable/GCC/ARM_CM4F/port.o
 .debug_abbrev  0x0000000000001c9e      0x29b Middlewares/Third_Party/FreeRTOS/Source/portable/MemMang/heap_4.o
 .debug_abbrev  0x0000000000001f39      0x351 Middlewares/Third_Party/FreeRTOS/Source/tasks.o
 .debug_abbrev  0x000000000000228a      0x2f4 Src/main.o
 .debug_abbrev  0x000000000000257e      0x26d Src/stm32f3xx_hal_msp.o
 .debug_abbrev  0x00000000000027eb      0x207 Src/stm32f3xx_hal_timebase_tim.o
 .debug_abbrev  0x00000000000029f2      0x1c4 Src/stm32f3xx_it.o
 .debug_abbrev  0x0000000000002bb6      0x1e2 Src/system_stm32f3xx.o
 .debug_abbrev  0x0000000000002d98       0x12 startup/startup_stm32f303xe.o

.debug_aranges  0x0000000000000000     0x1068
 .debug_aranges
                0x0000000000000000       0xe0 Drivers/STM32F3xx_HAL_Driver/Src/stm32f3xx_hal.o
 .debug_aranges
                0x00000000000000e0      0x118 Drivers/STM32F3xx_HAL_Driver/Src/stm32f3xx_hal_cortex.o
 .debug_aranges
                0x00000000000001f8       0x58 Drivers/STM32F3xx_HAL_Driver/Src/stm32f3xx_hal_gpio.o
 .debug_aranges
                0x0000000000000250       0x88 Drivers/STM32F3xx_HAL_Driver/Src/stm32f3xx_hal_rcc.o
 .debug_aranges
                0x00000000000002d8       0x38 Drivers/STM32F3xx_HAL_Driver/Src/stm32f3xx_hal_rcc_ex.o
 .debug_aranges
                0x0000000000000310      0x378 Drivers/STM32F3xx_HAL_Driver/Src/stm32f3xx_hal_tim.o
 .debug_aranges
                0x0000000000000688      0x178 Drivers/STM32F3xx_HAL_Driver/Src/stm32f3xx_hal_tim_ex.o
 .debug_aranges
                0x0000000000000800      0x1f0 Drivers/STM32F3xx_HAL_Driver/Src/stm32f3xx_hal_uart.o
 .debug_aranges
                0x00000000000009f0      0x1d8 Middlewares/Third_Party/FreeRTOS/Source/CMSIS_RTOS/cmsis_os.o
 .debug_aranges
                0x0000000000000bc8       0x40 Middlewares/Third_Party/FreeRTOS/Source/list.o
 .debug_aranges
                0x0000000000000c08       0x80 Middlewares/Third_Party/FreeRTOS/Source/portable/GCC/ARM_CM4F/port.o
 .debug_aranges
                0x0000000000000c88       0x50 Middlewares/Third_Party/FreeRTOS/Source/portable/MemMang/heap_4.o
 .debug_aranges
                0x0000000000000cd8      0x190 Middlewares/Third_Party/FreeRTOS/Source/tasks.o
 .debug_aranges
                0x0000000000000e68       0xc8 Src/main.o
 .debug_aranges
                0x0000000000000f30       0x68 Src/stm32f3xx_hal_msp.o
 .debug_aranges
                0x0000000000000f98       0x30 Src/stm32f3xx_hal_timebase_tim.o
 .debug_aranges
                0x0000000000000fc8       0x50 Src/stm32f3xx_it.o
 .debug_aranges
                0x0000000000001018       0x28 Src/system_stm32f3xx.o
 .debug_aranges
                0x0000000000001040       0x28 startup/startup_stm32f303xe.o

.debug_ranges   0x0000000000000000      0xf40
 .debug_ranges  0x0000000000000000       0xd0 Drivers/STM32F3xx_HAL_Driver/Src/stm32f3xx_hal.o
 .debug_ranges  0x00000000000000d0      0x108 Drivers/STM32F3xx_HAL_Driver/Src/stm32f3xx_hal_cortex.o
 .debug_ranges  0x00000000000001d8       0x48 Drivers/STM32F3xx_HAL_Driver/Src/stm32f3xx_hal_gpio.o
 .debug_ranges  0x0000000000000220       0x78 Drivers/STM32F3xx_HAL_Driver/Src/stm32f3xx_hal_rcc.o
 .debug_ranges  0x0000000000000298       0x28 Drivers/STM32F3xx_HAL_Driver/Src/stm32f3xx_hal_rcc_ex.o
 .debug_ranges  0x00000000000002c0      0x368 Drivers/STM32F3xx_HAL_Driver/Src/stm32f3xx_hal_tim.o
 .debug_ranges  0x0000000000000628      0x168 Drivers/STM32F3xx_HAL_Driver/Src/stm32f3xx_hal_tim_ex.o
 .debug_ranges  0x0000000000000790      0x1e0 Drivers/STM32F3xx_HAL_Driver/Src/stm32f3xx_hal_uart.o
 .debug_ranges  0x0000000000000970      0x1c8 Middlewares/Third_Party/FreeRTOS/Source/CMSIS_RTOS/cmsis_os.o
 .debug_ranges  0x0000000000000b38       0x30 Middlewares/Third_Party/FreeRTOS/Source/list.o
 .debug_ranges  0x0000000000000b68       0x70 Middlewares/Third_Party/FreeRTOS/Source/portable/GCC/ARM_CM4F/port.o
 .debug_ranges  0x0000000000000bd8       0x40 Middlewares/Third_Party/FreeRTOS/Source/portable/MemMang/heap_4.o
 .debug_ranges  0x0000000000000c18      0x180 Middlewares/Third_Party/FreeRTOS/Source/tasks.o
 .debug_ranges  0x0000000000000d98       0xb8 Src/main.o
 .debug_ranges  0x0000000000000e50       0x58 Src/stm32f3xx_hal_msp.o
 .debug_ranges  0x0000000000000ea8       0x20 Src/stm32f3xx_hal_timebase_tim.o
 .debug_ranges  0x0000000000000ec8       0x40 Src/stm32f3xx_it.o
 .debug_ranges  0x0000000000000f08       0x18 Src/system_stm32f3xx.o
 .debug_ranges  0x0000000000000f20       0x20 startup/startup_stm32f303xe.o

.debug_line     0x0000000000000000     0x7f5b
 .debug_line    0x0000000000000000      0x459 Drivers/STM32F3xx_HAL_Driver/Src/stm32f3xx_hal.o
 .debug_line    0x0000000000000459      0x5a2 Drivers/STM32F3xx_HAL_Driver/Src/stm32f3xx_hal_cortex.o
 .debug_line    0x00000000000009fb      0x45f Drivers/STM32F3xx_HAL_Driver/Src/stm32f3xx_hal_gpio.o
 .debug_line    0x0000000000000e5a      0xa00 Drivers/STM32F3xx_HAL_Driver/Src/stm32f3xx_hal_rcc.o
 .debug_line    0x000000000000185a      0x633 Drivers/STM32F3xx_HAL_Driver/Src/stm32f3xx_hal_rcc_ex.o
 .debug_line    0x0000000000001e8d     0x15dd Drivers/STM32F3xx_HAL_Driver/Src/stm32f3xx_hal_tim.o
 .debug_line    0x000000000000346a      0xa3b Drivers/STM32F3xx_HAL_Driver/Src/stm32f3xx_hal_tim_ex.o
 .debug_line    0x0000000000003ea5      0xd1d Drivers/STM32F3xx_HAL_Driver/Src/stm32f3xx_hal_uart.o
 .debug_line    0x0000000000004bc2      0x8fb Middlewares/Third_Party/FreeRTOS/Source/CMSIS_RTOS/cmsis_os.o
 .debug_line    0x00000000000054bd      0x338 Middlewares/Third_Party/FreeRTOS/Source/list.o
 .debug_line    0x00000000000057f5      0x3a2 Middlewares/Third_Party/FreeRTOS/Source/portable/GCC/ARM_CM4F/port.o
 .debug_line    0x0000000000005b97      0x3d5 Middlewares/Third_Party/FreeRTOS/Source/portable/MemMang/heap_4.o
 .debug_line    0x0000000000005f6c      0xcfd Middlewares/Third_Party/FreeRTOS/Source/tasks.o
 .debug_line    0x0000000000006c69      0x62f Src/main.o
 .debug_line    0x0000000000007298      0x3b2 Src/stm32f3xx_hal_msp.o
 .debug_line    0x000000000000764a      0x2f5 Src/stm32f3xx_hal_timebase_tim.o
 .debug_line    0x000000000000793f      0x310 Src/stm32f3xx_it.o
 .debug_line    0x0000000000007c4f      0x28d Src/system_stm32f3xx.o
 .debug_line    0x0000000000007edc       0x7f startup/startup_stm32f303xe.o

.debug_str      0x0000000000000000     0x55f7
 .debug_str     0x0000000000000000      0xd9d Drivers/STM32F3xx_HAL_Driver/Src/stm32f3xx_hal.o
                                        0xe44 (size before relaxing)
 .debug_str     0x0000000000000d9d      0x425 Drivers/STM32F3xx_HAL_Driver/Src/stm32f3xx_hal_cortex.o
                                       0x10a7 (size before relaxing)
 .debug_str     0x00000000000011c2      0x242 Drivers/STM32F3xx_HAL_Driver/Src/stm32f3xx_hal_gpio.o
                                        0x9bf (size before relaxing)
 .debug_str     0x0000000000001404      0x30d Drivers/STM32F3xx_HAL_Driver/Src/stm32f3xx_hal_rcc.o
                                        0xaf7 (size before relaxing)
 .debug_str     0x0000000000001711      0x2b9 Drivers/STM32F3xx_HAL_Driver/Src/stm32f3xx_hal_rcc_ex.o
                                        0xa64 (size before relaxing)
 .debug_str     0x00000000000019ca     0x10dc Drivers/STM32F3xx_HAL_Driver/Src/stm32f3xx_hal_tim.o
                                       0x1855 (size before relaxing)
 .debug_str     0x0000000000002aa6      0x5f2 Drivers/STM32F3xx_HAL_Driver/Src/stm32f3xx_hal_tim_ex.o
                                       0x125c (size before relaxing)
 .debug_str     0x0000000000003098      0x90c Drivers/STM32F3xx_HAL_Driver/Src/stm32f3xx_hal_uart.o
                                       0x12a3 (size before relaxing)
 .debug_str     0x00000000000039a4      0x8b3 Middlewares/Third_Party/FreeRTOS/Source/CMSIS_RTOS/cmsis_os.o
                                        0xf6b (size before relaxing)
 .debug_str     0x0000000000004257      0x159 Middlewares/Third_Party/FreeRTOS/Source/list.o
                                        0x745 (size before relaxing)
 .debug_str     0x00000000000043b0      0x240 Middlewares/Third_Party/FreeRTOS/Source/portable/GCC/ARM_CM4F/port.o
                                        0x45d (size before relaxing)
 .debug_str     0x00000000000045f0      0x1ff Middlewares/Third_Party/FreeRTOS/Source/portable/MemMang/heap_4.o
                                        0x80f (size before relaxing)
 .debug_str     0x00000000000047ef      0x98e Middlewares/Third_Party/FreeRTOS/Source/tasks.o
                                       0x115d (size before relaxing)
 .debug_str     0x000000000000517d      0x2f7 Src/main.o
                                       0x163a (size before relaxing)
 .debug_str     0x0000000000005474       0x4f Src/stm32f3xx_hal_msp.o
                                       0x1360 (size before relaxing)
 .debug_str     0x00000000000054c3       0x50 Src/stm32f3xx_hal_timebase_tim.o
                                       0x1072 (size before relaxing)
 .debug_str     0x0000000000005513       0x94 Src/stm32f3xx_it.o
                                        0xaf4 (size before relaxing)
 .debug_str     0x00000000000055a7       0x50 Src/system_stm32f3xx.o
                                        0x7a3 (size before relaxing)

.comment        0x0000000000000000       0x7c
 .comment       0x0000000000000000       0x7c Drivers/STM32F3xx_HAL_Driver/Src/stm32f3xx_hal.o
                                         0x7d (size before relaxing)
 .comment       0x000000000000007c       0x7d Drivers/STM32F3xx_HAL_Driver/Src/stm32f3xx_hal_cortex.o
 .comment       0x000000000000007c       0x7d Drivers/STM32F3xx_HAL_Driver/Src/stm32f3xx_hal_gpio.o
 .comment       0x000000000000007c       0x7d Drivers/STM32F3xx_HAL_Driver/Src/stm32f3xx_hal_rcc.o
 .comment       0x000000000000007c       0x7d Drivers/STM32F3xx_HAL_Driver/Src/stm32f3xx_hal_rcc_ex.o
 .comment       0x000000000000007c       0x7d Drivers/STM32F3xx_HAL_Driver/Src/stm32f3xx_hal_tim.o
 .comment       0x000000000000007c       0x7d Drivers/STM32F3xx_HAL_Driver/Src/stm32f3xx_hal_tim_ex.o
 .comment       0x000000000000007c       0x7d Drivers/STM32F3xx_HAL_Driver/Src/stm32f3xx_hal_uart.o
 .comment       0x000000000000007c       0x7d Middlewares/Third_Party/FreeRTOS/Source/CMSIS_RTOS/cmsis_os.o
 .comment       0x000000000000007c       0x7d Middlewares/Third_Party/FreeRTOS/Source/list.o
 .comment       0x000000000000007c       0x7d Middlewares/Third_Party/FreeRTOS/Source/portable/GCC/ARM_CM4F/port.o
 .comment       0x000000000000007c       0x7d Middlewares/Third_Party/FreeRTOS/Source/portable/MemMang/heap_4.o
 .comment       0x000000000000007c       0x7d Middlewares/Third_Party/FreeRTOS/Source/tasks.o
 .comment       0x000000000000007c       0x7d Src/main.o
 .comment       0x000000000000007c       0x7d Src/stm32f3xx_hal_msp.o
 .comment       0x000000000000007c       0x7d Src/stm32f3xx_hal_timebase_tim.o
 .comment       0x000000000000007c       0x7d Src/stm32f3xx_it.o
 .comment       0x000000000000007c       0x7d Src/system_stm32f3xx.o

.debug_frame    0x0000000000000000     0x43d8
 .debug_frame   0x0000000000000000      0x334 Drivers/STM32F3xx_HAL_Driver/Src/stm32f3xx_hal.o
 .debug_frame   0x0000000000000334      0x498 Drivers/STM32F3xx_HAL_Driver/Src/stm32f3xx_hal_cortex.o
 .debug_frame   0x00000000000007cc      0x14c Drivers/STM32F3xx_HAL_Driver/Src/stm32f3xx_hal_gpio.o
 .debug_frame   0x0000000000000918      0x214 Drivers/STM32F3xx_HAL_Driver/Src/stm32f3xx_hal_rcc.o
 .debug_frame   0x0000000000000b2c       0xb4 Drivers/STM32F3xx_HAL_Driver/Src/stm32f3xx_hal_rcc_ex.o
 .debug_frame   0x0000000000000be0      0xffc Drivers/STM32F3xx_HAL_Driver/Src/stm32f3xx_hal_tim.o
 .debug_frame   0x0000000000001bdc      0x688 Drivers/STM32F3xx_HAL_Driver/Src/stm32f3xx_hal_tim_ex.o
 .debug_frame   0x0000000000002264      0x8d4 Drivers/STM32F3xx_HAL_Driver/Src/stm32f3xx_hal_uart.o
 .debug_frame   0x0000000000002b38      0x808 Middlewares/Third_Party/FreeRTOS/Source/CMSIS_RTOS/cmsis_os.o
 .debug_frame   0x0000000000003340       0xd8 Middlewares/Third_Party/FreeRTOS/Source/list.o
 .debug_frame   0x0000000000003418      0x19c Middlewares/Third_Party/FreeRTOS/Source/portable/GCC/ARM_CM4F/port.o
 .debug_frame   0x00000000000035b4      0x108 Middlewares/Third_Party/FreeRTOS/Source/portable/MemMang/heap_4.o
 .debug_frame   0x00000000000036bc      0x6bc Middlewares/Third_Party/FreeRTOS/Source/tasks.o
 .debug_frame   0x0000000000003d78      0x2f4 Src/main.o
 .debug_frame   0x000000000000406c      0x188 Src/stm32f3xx_hal_msp.o
 .debug_frame   0x00000000000041f4       0x74 Src/stm32f3xx_hal_timebase_tim.o
 .debug_frame   0x0000000000004268       0xcc Src/stm32f3xx_it.o
 .debug_frame   0x0000000000004334       0x58 Src/system_stm32f3xx.o
 .debug_frame   0x000000000000438c       0x2c /opt/Atollic_TrueSTUDIO_for_STM32_x86_64_9.3.0/ARMTools/bin/../lib/gcc/arm-atollic-eabi/6.3.1/../../../../arm-atollic-eabi/lib/armv7e-m/fpu/libc_nano.a(lib_a-init.o)
 .debug_frame   0x00000000000043b8       0x20 /opt/Atollic_TrueSTUDIO_for_STM32_x86_64_9.3.0/ARMTools/bin/../lib/gcc/arm-atollic-eabi/6.3.1/../../../../arm-atollic-eabi/lib/armv7e-m/fpu/libc_nano.a(lib_a-memset.o)
