stm32f3xx_hal_adc_ex.c:7195:26:ADC_Disable	16	static
stm32f3xx_hal_adc_ex.c:7254:26:ADC_ConversionStop	16	static
stm32f3xx_hal_adc_ex.c:7141:26:ADC_Enable	16	static
stm32f3xx_hal_adc_ex.c:7115:13:ADC_DMAError	0	static
stm32f3xx_hal_adc_ex.c:7101:13:ADC_DMAHalfConvCplt	0	static
stm32f3xx_hal_adc_ex.c:7058:13:ADC_DMAConvCplt	0	static
stm32f3xx_hal_adc_ex.c:250:19:HAL_ADC_Init	104	static
stm32f3xx_hal_adc_ex.c:789:19:HAL_ADC_DeInit	104	static
stm32f3xx_hal_adc_ex.c:1204:19:HAL_ADC_Start	16	static
stm32f3xx_hal_adc_ex.c:1410:19:HAL_ADC_Stop	8	static
stm32f3xx_hal_adc_ex.c:1515:19:HAL_ADC_PollForConversion	24	static
stm32f3xx_hal_adc_ex.c:1818:19:HAL_ADC_PollForEvent	24	static
stm32f3xx_hal_adc_ex.c:1996:19:HAL_ADC_Start_IT	16	static
stm32f3xx_hal_adc_ex.c:2233:19:HAL_ADC_Stop_IT	8	static
stm32f3xx_hal_adc_ex.c:2339:19:HAL_ADC_Start_DMA	24	static
stm32f3xx_hal_adc_ex.c:2610:19:HAL_ADC_Stop_DMA	16	static
stm32f3xx_hal_adc_ex.c:2760:10:HAL_ADC_GetValue	0	static
stm32f3xx_hal_adc_ex.c:3245:19:HAL_ADCEx_Calibration_Start	24	static
stm32f3xx_hal_adc_ex.c:3434:10:HAL_ADCEx_Calibration_GetValue	0	static
stm32f3xx_hal_adc_ex.c:3469:19:HAL_ADCEx_Calibration_SetValue	8	static
stm32f3xx_hal_adc_ex.c:3534:19:HAL_ADCEx_InjectedStart	16	static
stm32f3xx_hal_adc_ex.c:3722:19:HAL_ADCEx_InjectedStop	8	static
stm32f3xx_hal_adc_ex.c:3865:19:HAL_ADCEx_InjectedPollForConversion	24	static
stm32f3xx_hal_adc_ex.c:4092:19:HAL_ADCEx_InjectedStart_IT	16	static
stm32f3xx_hal_adc_ex.c:4312:19:HAL_ADCEx_InjectedStop_IT	8	static
stm32f3xx_hal_adc_ex.c:4472:19:HAL_ADCEx_MultiModeStart_DMA	112	static
stm32f3xx_hal_adc_ex.c:4612:19:HAL_ADCEx_MultiModeStop_DMA	104	static
stm32f3xx_hal_adc_ex.c:4732:10:HAL_ADCEx_MultiModeGetValue	0	static
stm32f3xx_hal_adc_ex.c:4783:10:HAL_ADCEx_InjectedGetValue	0	static
stm32f3xx_hal_adc_ex.c:4897:19:HAL_ADCEx_RegularStop	8	static
stm32f3xx_hal_adc_ex.c:4971:19:HAL_ADCEx_RegularStop_IT	8	static
stm32f3xx_hal_adc_ex.c:5051:19:HAL_ADCEx_RegularStop_DMA	16	static
stm32f3xx_hal_adc_ex.c:5163:19:HAL_ADCEx_RegularMultiModeStop_DMA	104	static
stm32f3xx_hal_adc_ex.c:5308:13:HAL_ADCEx_InjectedConvCpltCallback	0	static
stm32f3xx_hal_adc_ex.c:5331:13:HAL_ADCEx_InjectedQueueOverflowCallback	0	static
stm32f3xx_hal_adc_ex.c:5347:13:HAL_ADCEx_LevelOutOfWindow2Callback	0	static
stm32f3xx_hal_adc_ex.c:5362:13:HAL_ADCEx_LevelOutOfWindow3Callback	0	static
stm32f3xx_hal_adc_ex.c:2818:6:HAL_ADC_IRQHandler	8	static
stm32f3xx_hal_adc_ex.c:5425:19:HAL_ADC_ConfigChannel	112	static
stm32f3xx_hal_adc_ex.c:5891:19:HAL_ADCEx_InjectedConfigChannel	112	static
stm32f3xx_hal_adc_ex.c:6643:19:HAL_ADC_AnalogWDGConfig	20	static
stm32f3xx_hal_adc_ex.c:6928:19:HAL_ADCEx_MultiModeConfigChannel	112	static
